edges
| test.cpp:23:5:23:25 | ... = ... | test.cpp:22:7:22:15 | operator= |
| test.cpp:24:5:24:19 | ... = ... | test.cpp:22:7:22:15 | operator= |
| test.cpp:93:5:93:25 | ... = ... | test.cpp:92:7:92:15 | operator= |
| test.cpp:94:5:94:14 | ... = ... | test.cpp:92:7:92:15 | operator= |
| test.cpp:95:5:95:10 | ... = ... | test.cpp:92:7:92:15 | operator= |
| test.cpp:96:5:96:12 | ... += ... | test.cpp:92:7:92:15 | operator= |
| test.cpp:97:5:97:14 | ... = ... | test.cpp:92:7:92:15 | operator= |
| test.cpp:193:9:193:24 | ... = ... | test.cpp:190:7:190:15 | operator= |
| test.cpp:206:5:206:14 | ... = ... | test.cpp:205:8:205:16 | operator= |
| test.cpp:207:5:207:9 | call to setM2 | test.cpp:205:8:205:16 | operator= |
| test.cpp:210:8:210:12 | setM2 | test.cpp:207:5:207:9 | call to setM2 |
| test.cpp:210:24:210:30 | ... = ... | test.cpp:210:8:210:12 | setM2 |
#select
| test.cpp:92:7:92:15 | operator= | test.cpp:95:5:95:10 | ... = ... | test.cpp:92:7:92:15 | operator= | The move operator of the class $@ has unrelated $@. | test.cpp:89:7:89:8 | C6 | C6 | test.cpp:95:5:95:10 | ... = ... | side effect |
| test.cpp:92:7:92:15 | operator= | test.cpp:96:5:96:12 | ... += ... | test.cpp:92:7:92:15 | operator= | The move operator of the class $@ has unrelated $@. | test.cpp:89:7:89:8 | C6 | C6 | test.cpp:96:5:96:12 | ... += ... | side effect |
