| test.c:16:3:20:3 | if (...) ...  | The $@ construct does not terminate with else statement. | test.c:16:3:20:3 | if (...) ...  | `if...else` |
| test.c:33:5:37:5 | if (...) ...  | The $@ construct does not terminate with else statement. | test.c:33:5:37:5 | if (...) ...  | `if...else` |
| test.c:45:3:55:3 | if (...) ...  | The $@ construct does not terminate with else statement. | test.c:45:3:55:3 | if (...) ...  | `if...else` |
