| test.cpp:8:8:8:11 | getA | Const member function returns a pointer to class data $@. | test.cpp:3:8:3:8 | a | a |
| test.cpp:9:8:9:11 | getB | Const member function returns a pointer to class data $@. | test.cpp:4:8:4:8 | b | b |
| test.cpp:11:6:11:12 | getThis | Const member function returns a pointer to class data $@. | test.cpp:11:36:11:39 | this | this |
