| functions1.cpp:5:6:5:7 | declaration of f4 | The parameter names of re-declaration of $@ do not use the same names as declaration $@ | functions1.cpp:5:6:5:7 | declaration of f4 | f4 | functions2.cpp:6:6:6:7 | declaration of f4 | f4 |
| functions1.cpp:6:6:6:7 | declaration of f5 | The parameter names of re-declaration of $@ do not use the same names as declaration $@ | functions1.cpp:6:6:6:7 | declaration of f5 | f5 | functions2.cpp:7:6:7:7 | declaration of f5 | f5 |
| functions1.cpp:16:6:16:7 | definition of f7 | The parameter names of re-declaration of $@ do not use the same names as declaration $@ | functions1.cpp:16:6:16:7 | definition of f7 | f7 | functions2.cpp:15:13:15:14 | declaration of f7 | f7 |
| functions1.cpp:29:16:29:22 | declaration of methodA | The parameter names of override of $@ do not use the same names as declaration $@ | functions1.cpp:29:16:29:22 | declaration of methodA | methodA | functions1.cpp:34:8:34:14 | declaration of methodA | methodA |
| functions2.cpp:6:6:6:7 | declaration of f4 | The parameter names of re-declaration of $@ do not use the same names as declaration $@ | functions2.cpp:6:6:6:7 | declaration of f4 | f4 | functions1.cpp:5:6:5:7 | declaration of f4 | f4 |
| functions2.cpp:7:6:7:7 | declaration of f5 | The parameter names of re-declaration of $@ do not use the same names as declaration $@ | functions2.cpp:7:6:7:7 | declaration of f5 | f5 | functions1.cpp:6:6:6:7 | declaration of f5 | f5 |
| functions2.cpp:15:13:15:14 | declaration of f7 | The parameter names of re-declaration of $@ do not use the same names as declaration $@ | functions2.cpp:15:13:15:14 | declaration of f7 | f7 | functions1.cpp:16:6:16:7 | definition of f7 | f7 |
