| test.cpp:9:3:9:10 | goto ... | The $@ statement jumps to a $@ that is not declared later in the same function. | test.cpp:9:3:9:10 | goto ... | l1 | test.cpp:5:1:5:3 | label ...: | label ...: |
| test.cpp:21:3:21:10 | goto ... | The $@ statement jumps to a $@ that is not declared later in the same function. | test.cpp:21:3:21:10 | goto ... | l2 | test.cpp:17:1:17:3 | label ...: | label ...: |
| test.cpp:23:3:23:10 | goto ... | The $@ statement jumps to a $@ that is not declared later in the same function. | test.cpp:23:3:23:10 | goto ... | l1 | test.cpp:16:1:16:3 | label ...: | label ...: |
| test.cpp:28:3:28:10 | goto ... | The $@ statement jumps to a $@ that is not declared later in the same function. | test.cpp:28:3:28:10 | goto ... | l1 | test.cpp:27:1:27:3 | label ...: | label ...: |
