| test.cpp:25:7:25:8 | b1 | Conversion from 'bool' to 'int'. |
| test.cpp:25:12:25:13 | b2 | Conversion from 'bool' to 'int'. |
| test.cpp:27:7:27:8 | b1 | Conversion from 'bool' to 'int'. |
| test.cpp:27:12:27:13 | b2 | Conversion from 'bool' to 'int'. |
| test.cpp:29:7:29:8 | b1 | Conversion from 'bool' to 'int'. |
| test.cpp:29:12:29:13 | b2 | Conversion from 'bool' to 'int'. |
| test.cpp:31:8:31:9 | b1 | Conversion from 'bool' to 'int'. |
| test.cpp:35:7:35:8 | b1 | Conversion from 'bool' to 'int'. |
| test.cpp:35:12:35:13 | b2 | Conversion from 'bool' to 'int'. |
| test.cpp:37:7:37:8 | b1 | Conversion from 'bool' to 'int'. |
| test.cpp:37:12:37:13 | b2 | Conversion from 'bool' to 'int'. |
| test.cpp:39:7:39:8 | b1 | Conversion from 'bool' to 'int'. |
| test.cpp:39:13:39:14 | b2 | Conversion from 'bool' to 'int'. |
| test.cpp:41:7:41:8 | b1 | Conversion from 'bool' to 'int'. |
| test.cpp:41:13:41:14 | b2 | Conversion from 'bool' to 'int'. |
| test.cpp:45:7:45:8 | b1 | Conversion from 'bool' to 'int'. |
| test.cpp:47:7:47:8 | b1 | Conversion from 'bool' to 'int'. |
| test.cpp:49:7:49:8 | b1 | Conversion from 'bool' to 'int'. |
| test.cpp:53:20:53:21 | b1 | Conversion from 'bool' to 'double'. |
| test.cpp:54:20:54:21 | b1 | Conversion from 'bool' to 'double'. |
| test.cpp:55:28:55:29 | b1 | Conversion from 'bool' to 'int'. |
| test.cpp:58:34:58:35 | b1 | Conversion from 'bool' to 'int8_t'. |
| test.cpp:59:36:59:37 | b1 | Conversion from 'bool' to 'int32_t'. |
| test.cpp:62:6:62:7 | b1 | Conversion from 'bool' to 'int32_t'. |
| test.cpp:63:6:63:7 | b1 | Conversion from 'bool' to 'double'. |
| test.cpp:66:11:66:12 | b1 | Conversion from 'bool' to 'int'. |
| test.cpp:74:9:74:10 | b1 | Conversion from 'bool' to 'int8_t'. |
| test.cpp:75:10:75:11 | b1 | Conversion from 'bool' to 'int32_t'. |
| test.cpp:76:8:76:9 | b1 | Conversion from 'bool' to 'double'. |
| test.cpp:113:33:113:36 | 1 | Conversion from 'bool' to 'A *'. |
| test.cpp:116:8:116:11 | 1 | Conversion from 'bool' to 'int'. |
| test.cpp:117:8:117:12 | 0 | Conversion from 'bool' to 'int'. |
| test.cpp:118:25:118:28 | 1 | Conversion from 'bool' to 'int'. |
