| test.c:7:24:7:30 | & ... | The position argument of a call to `fsetpos()` should be obtained from a call to `fgetpos()`. |
| test.c:13:24:13:30 | & ... | The position argument of a call to `fsetpos()` should be obtained from a call to `fgetpos()`. |
| test.c:23:24:23:30 | & ... | The position argument of a call to `fsetpos()` should be obtained from a call to `fgetpos()`. |
| test.c:33:24:33:30 | & ... | The position argument of a call to `fsetpos()` should be obtained from a call to `fgetpos()`. |
