| test.c:5:3:5:16 | ... + ... | Implicit conversion of $@ from unsigned short to unsigned int | test.c:5:9:5:16 | ... * ... | composite op |
| test.c:6:3:6:18 | ... * ... | Implicit conversion of $@ from unsigned short to unsigned int | test.c:6:9:6:17 | ... + ... | composite op |
| test.c:9:3:9:20 | ... += ... | Implicit conversion of $@ from unsigned short to unsigned int | test.c:9:11:9:19 | ... + ... | composite op |
