| test.cpp:10:12:10:20 | operator= | User-defined assignment operator $@ does not return *this | test.cpp:10:12:10:20 | operator= |  user defined assignment operator |
| test.cpp:17:11:17:19 | operator= | User-defined assignment operator $@ does not return *this | test.cpp:17:11:17:19 | operator= |  user defined assignment operator |
| test.cpp:24:12:24:20 | operator= | User-defined assignment operator $@ does not return *this | test.cpp:24:12:24:20 | operator= |  user defined assignment operator |
