| main.c:27:3:27:12 | call to tss_create |
| main.c:33:3:33:12 | call to tss_create |
| main.c:40:3:40:12 | call to tss_create |
| main.c:62:3:62:12 | call to tss_create |
| main.c:66:3:66:12 | call to tss_create |
| main.c:70:3:70:12 | call to tss_create |
| main.c:74:3:74:12 | call to tss_create |
| main.c:78:3:78:12 | call to tss_create |
| main.c:82:3:82:12 | call to tss_create |
| main.c:86:3:86:12 | call to tss_create |
| main.c:91:3:91:12 | call to tss_create |
| main.c:96:3:96:12 | call to tss_create |
