| test.c:43:3:43:14 | left-shift | The operand lhs0 is left-shifted by an expression rhs0 which is greater than or equal to in precision. |
| test.c:47:3:47:14 | left-shift | The operand lhs0 is left-shifted by an expression rhs3 which is greater than or equal to in precision. |
| test.c:49:3:49:14 | left-shift | The operand lhs0 is left-shifted by an expression rhs4 which is greater than or equal to in precision. |
| test.c:51:3:51:14 | left-shift | The operand lhs0 is left-shifted by an expression rhs5 which is greater than or equal to in precision. |
| test.c:53:3:53:14 | left-shift | The operand lhs0 is left-shifted by an expression rhs6 which is greater than or equal to in precision. |
| test.c:55:3:55:14 | left-shift | The operand lhs0 is left-shifted by an expression rhs7 which is greater than or equal to in precision. |
| test.c:57:3:57:14 | left-shift | The operand lhs0 is left-shifted by an expression rhs8 which is greater than or equal to in precision. |
| test.c:59:3:59:14 | left-shift | The operand lhs0 is left-shifted by an expression rhs9 which is greater than or equal to in precision. |
| test.c:61:3:61:15 | left-shift | The operand lhs0 is left-shifted by an expression rhs10 which is greater than or equal to in precision. |
| test.c:63:3:63:15 | left-shift | The operand lhs0 is left-shifted by an expression rhs11 which is greater than or equal to in precision. |
| test.c:65:3:65:15 | left-shift | The operand lhs0 is left-shifted by an expression rhs12 which is greater than or equal to in precision. |
| test.c:67:3:67:15 | left-shift | The operand lhs0 is left-shifted by an expression rhs13 which is greater than or equal to in precision. |
| test.c:69:3:69:15 | left-shift | The operand lhs0 is left-shifted by an expression rhs14 which is greater than or equal to in precision. |
| test.c:71:3:71:14 | left-shift | The operand lhs1 is left-shifted by an expression rhs0 which is greater than or equal to in precision. |
| test.c:73:3:73:14 | left-shift | The operand lhs1 is left-shifted by an expression rhs1 which is greater than or equal to in precision. |
| test.c:75:3:75:14 | left-shift | The operand lhs1 is left-shifted by an expression rhs2 which is greater than or equal to in precision. |
| test.c:77:3:77:14 | left-shift | The operand lhs1 is left-shifted by an expression rhs3 which is greater than or equal to in precision. |
| test.c:79:3:79:14 | left-shift | The operand lhs1 is left-shifted by an expression rhs4 which is greater than or equal to in precision. |
| test.c:81:3:81:14 | left-shift | The operand lhs1 is left-shifted by an expression rhs5 which is greater than or equal to in precision. |
| test.c:83:3:83:14 | left-shift | The operand lhs1 is left-shifted by an expression rhs6 which is greater than or equal to in precision. |
| test.c:85:3:85:14 | left-shift | The operand lhs1 is left-shifted by an expression rhs7 which is greater than or equal to in precision. |
| test.c:87:3:87:14 | left-shift | The operand lhs1 is left-shifted by an expression rhs8 which is greater than or equal to in precision. |
| test.c:89:3:89:14 | left-shift | The operand lhs1 is left-shifted by an expression rhs9 which is greater than or equal to in precision. |
| test.c:91:3:91:15 | left-shift | The operand lhs1 is left-shifted by an expression rhs10 which is greater than or equal to in precision. |
| test.c:93:3:93:15 | left-shift | The operand lhs1 is left-shifted by an expression rhs11 which is greater than or equal to in precision. |
| test.c:95:3:95:15 | left-shift | The operand lhs1 is left-shifted by an expression rhs12 which is greater than or equal to in precision. |
| test.c:97:3:97:15 | left-shift | The operand lhs1 is left-shifted by an expression rhs13 which is greater than or equal to in precision. |
| test.c:99:3:99:15 | left-shift | The operand lhs1 is left-shifted by an expression rhs14 which is greater than or equal to in precision. |
| test.c:101:3:101:14 | left-shift | The operand lhs2 is left-shifted by an expression rhs0 which is greater than or equal to in precision. |
| test.c:103:3:103:14 | left-shift | The operand lhs2 is left-shifted by an expression rhs1 which is greater than or equal to in precision. |
| test.c:105:3:105:14 | left-shift | The operand lhs2 is left-shifted by an expression rhs2 which is greater than or equal to in precision. |
| test.c:107:3:107:14 | left-shift | The operand lhs2 is left-shifted by an expression rhs3 which is greater than or equal to in precision. |
| test.c:109:3:109:14 | left-shift | The operand lhs2 is left-shifted by an expression rhs4 which is greater than or equal to in precision. |
| test.c:111:3:111:14 | left-shift | The operand lhs2 is left-shifted by an expression rhs5 which is greater than or equal to in precision. |
| test.c:113:3:113:14 | left-shift | The operand lhs2 is left-shifted by an expression rhs6 which is greater than or equal to in precision. |
| test.c:115:3:115:14 | left-shift | The operand lhs2 is left-shifted by an expression rhs7 which is greater than or equal to in precision. |
| test.c:117:3:117:14 | left-shift | The operand lhs2 is left-shifted by an expression rhs8 which is greater than or equal to in precision. |
| test.c:119:3:119:14 | left-shift | The operand lhs2 is left-shifted by an expression rhs9 which is greater than or equal to in precision. |
| test.c:121:3:121:15 | left-shift | The operand lhs2 is left-shifted by an expression rhs10 which is greater than or equal to in precision. |
| test.c:123:3:123:15 | left-shift | The operand lhs2 is left-shifted by an expression rhs11 which is greater than or equal to in precision. |
| test.c:125:3:125:15 | left-shift | The operand lhs2 is left-shifted by an expression rhs12 which is greater than or equal to in precision. |
| test.c:127:3:127:15 | left-shift | The operand lhs2 is left-shifted by an expression rhs13 which is greater than or equal to in precision. |
| test.c:129:3:129:15 | left-shift | The operand lhs2 is left-shifted by an expression rhs14 which is greater than or equal to in precision. |
| test.c:134:3:134:14 | left-shift | The operand lhs3 is left-shifted by an expression rhs3 which is greater than or equal to in precision. |
| test.c:138:3:138:14 | left-shift | The operand lhs3 is left-shifted by an expression rhs6 which is greater than or equal to in precision. |
| test.c:140:3:140:14 | left-shift | The operand lhs3 is left-shifted by an expression rhs7 which is greater than or equal to in precision. |
| test.c:142:3:142:14 | left-shift | The operand lhs3 is left-shifted by an expression rhs8 which is greater than or equal to in precision. |
| test.c:144:3:144:14 | left-shift | The operand lhs3 is left-shifted by an expression rhs9 which is greater than or equal to in precision. |
| test.c:146:3:146:15 | left-shift | The operand lhs3 is left-shifted by an expression rhs10 which is greater than or equal to in precision. |
| test.c:148:3:148:15 | left-shift | The operand lhs3 is left-shifted by an expression rhs11 which is greater than or equal to in precision. |
| test.c:150:3:150:15 | left-shift | The operand lhs3 is left-shifted by an expression rhs12 which is greater than or equal to in precision. |
| test.c:152:3:152:15 | left-shift | The operand lhs3 is left-shifted by an expression rhs13 which is greater than or equal to in precision. |
| test.c:154:3:154:15 | left-shift | The operand lhs3 is left-shifted by an expression rhs14 which is greater than or equal to in precision. |
| test.c:159:3:159:14 | left-shift | The operand lhs4 is left-shifted by an expression rhs3 which is greater than or equal to in precision. |
| test.c:161:3:161:14 | left-shift | The operand lhs4 is left-shifted by an expression rhs4 which is greater than or equal to in precision. |
| test.c:163:3:163:14 | left-shift | The operand lhs4 is left-shifted by an expression rhs5 which is greater than or equal to in precision. |
| test.c:165:3:165:14 | left-shift | The operand lhs4 is left-shifted by an expression rhs6 which is greater than or equal to in precision. |
| test.c:167:3:167:14 | left-shift | The operand lhs4 is left-shifted by an expression rhs7 which is greater than or equal to in precision. |
| test.c:169:3:169:14 | left-shift | The operand lhs4 is left-shifted by an expression rhs8 which is greater than or equal to in precision. |
| test.c:171:3:171:14 | left-shift | The operand lhs4 is left-shifted by an expression rhs9 which is greater than or equal to in precision. |
| test.c:173:3:173:15 | left-shift | The operand lhs4 is left-shifted by an expression rhs10 which is greater than or equal to in precision. |
| test.c:175:3:175:15 | left-shift | The operand lhs4 is left-shifted by an expression rhs11 which is greater than or equal to in precision. |
| test.c:177:3:177:15 | left-shift | The operand lhs4 is left-shifted by an expression rhs12 which is greater than or equal to in precision. |
| test.c:179:3:179:15 | left-shift | The operand lhs4 is left-shifted by an expression rhs13 which is greater than or equal to in precision. |
| test.c:181:3:181:15 | left-shift | The operand lhs4 is left-shifted by an expression rhs14 which is greater than or equal to in precision. |
| test.c:186:3:186:14 | left-shift | The operand lhs5 is left-shifted by an expression rhs3 which is greater than or equal to in precision. |
| test.c:188:3:188:14 | left-shift | The operand lhs5 is left-shifted by an expression rhs4 which is greater than or equal to in precision. |
| test.c:190:3:190:14 | left-shift | The operand lhs5 is left-shifted by an expression rhs5 which is greater than or equal to in precision. |
| test.c:192:3:192:14 | left-shift | The operand lhs5 is left-shifted by an expression rhs6 which is greater than or equal to in precision. |
| test.c:194:3:194:14 | left-shift | The operand lhs5 is left-shifted by an expression rhs7 which is greater than or equal to in precision. |
| test.c:196:3:196:14 | left-shift | The operand lhs5 is left-shifted by an expression rhs8 which is greater than or equal to in precision. |
| test.c:198:3:198:14 | left-shift | The operand lhs5 is left-shifted by an expression rhs9 which is greater than or equal to in precision. |
| test.c:200:3:200:15 | left-shift | The operand lhs5 is left-shifted by an expression rhs10 which is greater than or equal to in precision. |
| test.c:202:3:202:15 | left-shift | The operand lhs5 is left-shifted by an expression rhs11 which is greater than or equal to in precision. |
| test.c:204:3:204:15 | left-shift | The operand lhs5 is left-shifted by an expression rhs12 which is greater than or equal to in precision. |
| test.c:206:3:206:15 | left-shift | The operand lhs5 is left-shifted by an expression rhs13 which is greater than or equal to in precision. |
| test.c:208:3:208:15 | left-shift | The operand lhs5 is left-shifted by an expression rhs14 which is greater than or equal to in precision. |
| test.c:216:3:216:14 | left-shift | The operand lhs6 is left-shifted by an expression rhs6 which is greater than or equal to in precision. |
| test.c:220:3:220:14 | left-shift | The operand lhs6 is left-shifted by an expression rhs9 which is greater than or equal to in precision. |
| test.c:224:3:224:15 | left-shift | The operand lhs6 is left-shifted by an expression rhs12 which is greater than or equal to in precision. |
| test.c:226:3:226:15 | left-shift | The operand lhs6 is left-shifted by an expression rhs13 which is greater than or equal to in precision. |
| test.c:228:3:228:15 | left-shift | The operand lhs6 is left-shifted by an expression rhs14 which is greater than or equal to in precision. |
| test.c:236:3:236:14 | left-shift | The operand lhs7 is left-shifted by an expression rhs6 which is greater than or equal to in precision. |
| test.c:238:3:238:14 | left-shift | The operand lhs7 is left-shifted by an expression rhs7 which is greater than or equal to in precision. |
| test.c:240:3:240:14 | left-shift | The operand lhs7 is left-shifted by an expression rhs8 which is greater than or equal to in precision. |
| test.c:242:3:242:14 | left-shift | The operand lhs7 is left-shifted by an expression rhs9 which is greater than or equal to in precision. |
| test.c:244:3:244:15 | left-shift | The operand lhs7 is left-shifted by an expression rhs10 which is greater than or equal to in precision. |
| test.c:246:3:246:15 | left-shift | The operand lhs7 is left-shifted by an expression rhs11 which is greater than or equal to in precision. |
| test.c:248:3:248:15 | left-shift | The operand lhs7 is left-shifted by an expression rhs12 which is greater than or equal to in precision. |
| test.c:250:3:250:15 | left-shift | The operand lhs7 is left-shifted by an expression rhs13 which is greater than or equal to in precision. |
| test.c:252:3:252:15 | left-shift | The operand lhs7 is left-shifted by an expression rhs14 which is greater than or equal to in precision. |
| test.c:260:3:260:14 | left-shift | The operand lhs8 is left-shifted by an expression rhs6 which is greater than or equal to in precision. |
| test.c:262:3:262:14 | left-shift | The operand lhs8 is left-shifted by an expression rhs7 which is greater than or equal to in precision. |
| test.c:264:3:264:14 | left-shift | The operand lhs8 is left-shifted by an expression rhs8 which is greater than or equal to in precision. |
| test.c:266:3:266:14 | left-shift | The operand lhs8 is left-shifted by an expression rhs9 which is greater than or equal to in precision. |
| test.c:268:3:268:15 | left-shift | The operand lhs8 is left-shifted by an expression rhs10 which is greater than or equal to in precision. |
| test.c:270:3:270:15 | left-shift | The operand lhs8 is left-shifted by an expression rhs11 which is greater than or equal to in precision. |
| test.c:272:3:272:15 | left-shift | The operand lhs8 is left-shifted by an expression rhs12 which is greater than or equal to in precision. |
| test.c:274:3:274:15 | left-shift | The operand lhs8 is left-shifted by an expression rhs13 which is greater than or equal to in precision. |
| test.c:276:3:276:15 | left-shift | The operand lhs8 is left-shifted by an expression rhs14 which is greater than or equal to in precision. |
| test.c:292:3:292:15 | left-shift | The operand lhs9 is left-shifted by an expression rhs12 which is greater than or equal to in precision. |
| test.c:316:3:316:16 | left-shift | The operand lhs10 is left-shifted by an expression rhs12 which is greater than or equal to in precision. |
| test.c:318:3:318:16 | left-shift | The operand lhs10 is left-shifted by an expression rhs13 which is greater than or equal to in precision. |
| test.c:320:3:320:16 | left-shift | The operand lhs10 is left-shifted by an expression rhs14 which is greater than or equal to in precision. |
| test.c:340:3:340:16 | left-shift | The operand lhs11 is left-shifted by an expression rhs12 which is greater than or equal to in precision. |
| test.c:342:3:342:16 | left-shift | The operand lhs11 is left-shifted by an expression rhs13 which is greater than or equal to in precision. |
| test.c:344:3:344:16 | left-shift | The operand lhs11 is left-shifted by an expression rhs14 which is greater than or equal to in precision. |
| test.c:358:3:358:16 | left-shift | The operand lhs12 is left-shifted by an expression rhs12 which is greater than or equal to in precision. |
| test.c:374:3:374:16 | left-shift | The operand lhs13 is left-shifted by an expression rhs12 which is greater than or equal to in precision. |
| test.c:376:3:376:16 | left-shift | The operand lhs13 is left-shifted by an expression rhs13 which is greater than or equal to in precision. |
| test.c:378:3:378:16 | left-shift | The operand lhs13 is left-shifted by an expression rhs14 which is greater than or equal to in precision. |
| test.c:392:3:392:16 | left-shift | The operand lhs14 is left-shifted by an expression rhs12 which is greater than or equal to in precision. |
| test.c:394:3:394:16 | left-shift | The operand lhs14 is left-shifted by an expression rhs13 which is greater than or equal to in precision. |
| test.c:396:3:396:16 | left-shift | The operand lhs14 is left-shifted by an expression rhs14 which is greater than or equal to in precision. |
| test.c:1579:3:1580:10 | right-shift | The operand lhs0 is right-shifted by an expression rhs0 which is greater than or equal to in precision. |
| test.c:1583:3:1584:10 | right-shift | The operand lhs0 is right-shifted by an expression rhs3 which is greater than or equal to in precision. |
| test.c:1585:3:1586:10 | right-shift | The operand lhs0 is right-shifted by an expression rhs4 which is greater than or equal to in precision. |
| test.c:1587:3:1588:10 | right-shift | The operand lhs0 is right-shifted by an expression rhs5 which is greater than or equal to in precision. |
| test.c:1589:3:1590:10 | right-shift | The operand lhs0 is right-shifted by an expression rhs6 which is greater than or equal to in precision. |
| test.c:1591:3:1592:10 | right-shift | The operand lhs0 is right-shifted by an expression rhs7 which is greater than or equal to in precision. |
| test.c:1593:3:1594:10 | right-shift | The operand lhs0 is right-shifted by an expression rhs8 which is greater than or equal to in precision. |
| test.c:1595:3:1596:10 | right-shift | The operand lhs0 is right-shifted by an expression rhs9 which is greater than or equal to in precision. |
| test.c:1597:3:1597:15 | right-shift | The operand lhs0 is right-shifted by an expression rhs10 which is greater than or equal to in precision. |
| test.c:1599:3:1599:15 | right-shift | The operand lhs0 is right-shifted by an expression rhs11 which is greater than or equal to in precision. |
| test.c:1601:3:1601:15 | right-shift | The operand lhs0 is right-shifted by an expression rhs12 which is greater than or equal to in precision. |
| test.c:1603:3:1603:15 | right-shift | The operand lhs0 is right-shifted by an expression rhs13 which is greater than or equal to in precision. |
| test.c:1605:3:1605:15 | right-shift | The operand lhs0 is right-shifted by an expression rhs14 which is greater than or equal to in precision. |
| test.c:1607:3:1608:10 | right-shift | The operand lhs1 is right-shifted by an expression rhs0 which is greater than or equal to in precision. |
| test.c:1609:3:1610:10 | right-shift | The operand lhs1 is right-shifted by an expression rhs1 which is greater than or equal to in precision. |
| test.c:1611:3:1612:10 | right-shift | The operand lhs1 is right-shifted by an expression rhs2 which is greater than or equal to in precision. |
| test.c:1613:3:1614:10 | right-shift | The operand lhs1 is right-shifted by an expression rhs3 which is greater than or equal to in precision. |
| test.c:1615:3:1616:10 | right-shift | The operand lhs1 is right-shifted by an expression rhs4 which is greater than or equal to in precision. |
| test.c:1617:3:1618:10 | right-shift | The operand lhs1 is right-shifted by an expression rhs5 which is greater than or equal to in precision. |
| test.c:1619:3:1620:10 | right-shift | The operand lhs1 is right-shifted by an expression rhs6 which is greater than or equal to in precision. |
| test.c:1621:3:1622:10 | right-shift | The operand lhs1 is right-shifted by an expression rhs7 which is greater than or equal to in precision. |
| test.c:1623:3:1624:10 | right-shift | The operand lhs1 is right-shifted by an expression rhs8 which is greater than or equal to in precision. |
| test.c:1625:3:1626:10 | right-shift | The operand lhs1 is right-shifted by an expression rhs9 which is greater than or equal to in precision. |
| test.c:1627:3:1627:15 | right-shift | The operand lhs1 is right-shifted by an expression rhs10 which is greater than or equal to in precision. |
| test.c:1629:3:1629:15 | right-shift | The operand lhs1 is right-shifted by an expression rhs11 which is greater than or equal to in precision. |
| test.c:1631:3:1631:15 | right-shift | The operand lhs1 is right-shifted by an expression rhs12 which is greater than or equal to in precision. |
| test.c:1633:3:1633:15 | right-shift | The operand lhs1 is right-shifted by an expression rhs13 which is greater than or equal to in precision. |
| test.c:1635:3:1635:15 | right-shift | The operand lhs1 is right-shifted by an expression rhs14 which is greater than or equal to in precision. |
| test.c:1637:3:1638:10 | right-shift | The operand lhs2 is right-shifted by an expression rhs0 which is greater than or equal to in precision. |
| test.c:1639:3:1640:10 | right-shift | The operand lhs2 is right-shifted by an expression rhs1 which is greater than or equal to in precision. |
| test.c:1641:3:1642:10 | right-shift | The operand lhs2 is right-shifted by an expression rhs2 which is greater than or equal to in precision. |
| test.c:1643:3:1644:10 | right-shift | The operand lhs2 is right-shifted by an expression rhs3 which is greater than or equal to in precision. |
| test.c:1645:3:1646:10 | right-shift | The operand lhs2 is right-shifted by an expression rhs4 which is greater than or equal to in precision. |
| test.c:1647:3:1648:10 | right-shift | The operand lhs2 is right-shifted by an expression rhs5 which is greater than or equal to in precision. |
| test.c:1649:3:1650:10 | right-shift | The operand lhs2 is right-shifted by an expression rhs6 which is greater than or equal to in precision. |
| test.c:1651:3:1652:10 | right-shift | The operand lhs2 is right-shifted by an expression rhs7 which is greater than or equal to in precision. |
| test.c:1653:3:1654:10 | right-shift | The operand lhs2 is right-shifted by an expression rhs8 which is greater than or equal to in precision. |
| test.c:1655:3:1656:10 | right-shift | The operand lhs2 is right-shifted by an expression rhs9 which is greater than or equal to in precision. |
| test.c:1657:3:1657:15 | right-shift | The operand lhs2 is right-shifted by an expression rhs10 which is greater than or equal to in precision. |
| test.c:1659:3:1659:15 | right-shift | The operand lhs2 is right-shifted by an expression rhs11 which is greater than or equal to in precision. |
| test.c:1661:3:1661:15 | right-shift | The operand lhs2 is right-shifted by an expression rhs12 which is greater than or equal to in precision. |
| test.c:1663:3:1663:15 | right-shift | The operand lhs2 is right-shifted by an expression rhs13 which is greater than or equal to in precision. |
| test.c:1665:3:1665:15 | right-shift | The operand lhs2 is right-shifted by an expression rhs14 which is greater than or equal to in precision. |
| test.c:1670:3:1671:10 | right-shift | The operand lhs3 is right-shifted by an expression rhs3 which is greater than or equal to in precision. |
| test.c:1674:3:1675:10 | right-shift | The operand lhs3 is right-shifted by an expression rhs6 which is greater than or equal to in precision. |
| test.c:1676:3:1677:10 | right-shift | The operand lhs3 is right-shifted by an expression rhs7 which is greater than or equal to in precision. |
| test.c:1678:3:1679:10 | right-shift | The operand lhs3 is right-shifted by an expression rhs8 which is greater than or equal to in precision. |
| test.c:1680:3:1681:10 | right-shift | The operand lhs3 is right-shifted by an expression rhs9 which is greater than or equal to in precision. |
| test.c:1682:3:1682:15 | right-shift | The operand lhs3 is right-shifted by an expression rhs10 which is greater than or equal to in precision. |
| test.c:1684:3:1684:15 | right-shift | The operand lhs3 is right-shifted by an expression rhs11 which is greater than or equal to in precision. |
| test.c:1686:3:1686:15 | right-shift | The operand lhs3 is right-shifted by an expression rhs12 which is greater than or equal to in precision. |
| test.c:1688:3:1688:15 | right-shift | The operand lhs3 is right-shifted by an expression rhs13 which is greater than or equal to in precision. |
| test.c:1690:3:1690:15 | right-shift | The operand lhs3 is right-shifted by an expression rhs14 which is greater than or equal to in precision. |
| test.c:1695:3:1696:10 | right-shift | The operand lhs4 is right-shifted by an expression rhs3 which is greater than or equal to in precision. |
| test.c:1697:3:1698:10 | right-shift | The operand lhs4 is right-shifted by an expression rhs4 which is greater than or equal to in precision. |
| test.c:1699:3:1700:10 | right-shift | The operand lhs4 is right-shifted by an expression rhs5 which is greater than or equal to in precision. |
| test.c:1701:3:1702:10 | right-shift | The operand lhs4 is right-shifted by an expression rhs6 which is greater than or equal to in precision. |
| test.c:1703:3:1704:10 | right-shift | The operand lhs4 is right-shifted by an expression rhs7 which is greater than or equal to in precision. |
| test.c:1705:3:1706:10 | right-shift | The operand lhs4 is right-shifted by an expression rhs8 which is greater than or equal to in precision. |
| test.c:1707:3:1708:10 | right-shift | The operand lhs4 is right-shifted by an expression rhs9 which is greater than or equal to in precision. |
| test.c:1709:3:1709:15 | right-shift | The operand lhs4 is right-shifted by an expression rhs10 which is greater than or equal to in precision. |
| test.c:1711:3:1711:15 | right-shift | The operand lhs4 is right-shifted by an expression rhs11 which is greater than or equal to in precision. |
| test.c:1713:3:1713:15 | right-shift | The operand lhs4 is right-shifted by an expression rhs12 which is greater than or equal to in precision. |
| test.c:1715:3:1715:15 | right-shift | The operand lhs4 is right-shifted by an expression rhs13 which is greater than or equal to in precision. |
| test.c:1717:3:1717:15 | right-shift | The operand lhs4 is right-shifted by an expression rhs14 which is greater than or equal to in precision. |
| test.c:1722:3:1723:10 | right-shift | The operand lhs5 is right-shifted by an expression rhs3 which is greater than or equal to in precision. |
| test.c:1724:3:1725:10 | right-shift | The operand lhs5 is right-shifted by an expression rhs4 which is greater than or equal to in precision. |
| test.c:1726:3:1727:10 | right-shift | The operand lhs5 is right-shifted by an expression rhs5 which is greater than or equal to in precision. |
| test.c:1728:3:1729:10 | right-shift | The operand lhs5 is right-shifted by an expression rhs6 which is greater than or equal to in precision. |
| test.c:1730:3:1731:10 | right-shift | The operand lhs5 is right-shifted by an expression rhs7 which is greater than or equal to in precision. |
| test.c:1732:3:1733:10 | right-shift | The operand lhs5 is right-shifted by an expression rhs8 which is greater than or equal to in precision. |
| test.c:1734:3:1735:10 | right-shift | The operand lhs5 is right-shifted by an expression rhs9 which is greater than or equal to in precision. |
| test.c:1736:3:1736:15 | right-shift | The operand lhs5 is right-shifted by an expression rhs10 which is greater than or equal to in precision. |
| test.c:1738:3:1738:15 | right-shift | The operand lhs5 is right-shifted by an expression rhs11 which is greater than or equal to in precision. |
| test.c:1740:3:1740:15 | right-shift | The operand lhs5 is right-shifted by an expression rhs12 which is greater than or equal to in precision. |
| test.c:1742:3:1742:15 | right-shift | The operand lhs5 is right-shifted by an expression rhs13 which is greater than or equal to in precision. |
| test.c:1744:3:1744:15 | right-shift | The operand lhs5 is right-shifted by an expression rhs14 which is greater than or equal to in precision. |
| test.c:1752:3:1753:10 | right-shift | The operand lhs6 is right-shifted by an expression rhs6 which is greater than or equal to in precision. |
| test.c:1756:3:1757:10 | right-shift | The operand lhs6 is right-shifted by an expression rhs9 which is greater than or equal to in precision. |
| test.c:1760:3:1760:15 | right-shift | The operand lhs6 is right-shifted by an expression rhs12 which is greater than or equal to in precision. |
| test.c:1762:3:1762:15 | right-shift | The operand lhs6 is right-shifted by an expression rhs13 which is greater than or equal to in precision. |
| test.c:1764:3:1764:15 | right-shift | The operand lhs6 is right-shifted by an expression rhs14 which is greater than or equal to in precision. |
| test.c:1772:3:1773:10 | right-shift | The operand lhs7 is right-shifted by an expression rhs6 which is greater than or equal to in precision. |
| test.c:1774:3:1775:10 | right-shift | The operand lhs7 is right-shifted by an expression rhs7 which is greater than or equal to in precision. |
| test.c:1776:3:1777:10 | right-shift | The operand lhs7 is right-shifted by an expression rhs8 which is greater than or equal to in precision. |
| test.c:1778:3:1779:10 | right-shift | The operand lhs7 is right-shifted by an expression rhs9 which is greater than or equal to in precision. |
| test.c:1780:3:1780:15 | right-shift | The operand lhs7 is right-shifted by an expression rhs10 which is greater than or equal to in precision. |
| test.c:1782:3:1782:15 | right-shift | The operand lhs7 is right-shifted by an expression rhs11 which is greater than or equal to in precision. |
| test.c:1784:3:1784:15 | right-shift | The operand lhs7 is right-shifted by an expression rhs12 which is greater than or equal to in precision. |
| test.c:1786:3:1786:15 | right-shift | The operand lhs7 is right-shifted by an expression rhs13 which is greater than or equal to in precision. |
| test.c:1788:3:1788:15 | right-shift | The operand lhs7 is right-shifted by an expression rhs14 which is greater than or equal to in precision. |
| test.c:1796:3:1797:10 | right-shift | The operand lhs8 is right-shifted by an expression rhs6 which is greater than or equal to in precision. |
| test.c:1798:3:1799:10 | right-shift | The operand lhs8 is right-shifted by an expression rhs7 which is greater than or equal to in precision. |
| test.c:1800:3:1801:10 | right-shift | The operand lhs8 is right-shifted by an expression rhs8 which is greater than or equal to in precision. |
| test.c:1802:3:1803:10 | right-shift | The operand lhs8 is right-shifted by an expression rhs9 which is greater than or equal to in precision. |
| test.c:1804:3:1804:15 | right-shift | The operand lhs8 is right-shifted by an expression rhs10 which is greater than or equal to in precision. |
| test.c:1806:3:1806:15 | right-shift | The operand lhs8 is right-shifted by an expression rhs11 which is greater than or equal to in precision. |
| test.c:1808:3:1808:15 | right-shift | The operand lhs8 is right-shifted by an expression rhs12 which is greater than or equal to in precision. |
| test.c:1810:3:1810:15 | right-shift | The operand lhs8 is right-shifted by an expression rhs13 which is greater than or equal to in precision. |
| test.c:1812:3:1812:15 | right-shift | The operand lhs8 is right-shifted by an expression rhs14 which is greater than or equal to in precision. |
| test.c:1828:3:1828:15 | right-shift | The operand lhs9 is right-shifted by an expression rhs12 which is greater than or equal to in precision. |
| test.c:1852:3:1852:16 | right-shift | The operand lhs10 is right-shifted by an expression rhs12 which is greater than or equal to in precision. |
| test.c:1854:3:1854:16 | right-shift | The operand lhs10 is right-shifted by an expression rhs13 which is greater than or equal to in precision. |
| test.c:1856:3:1856:16 | right-shift | The operand lhs10 is right-shifted by an expression rhs14 which is greater than or equal to in precision. |
| test.c:1876:3:1876:16 | right-shift | The operand lhs11 is right-shifted by an expression rhs12 which is greater than or equal to in precision. |
| test.c:1878:3:1878:16 | right-shift | The operand lhs11 is right-shifted by an expression rhs13 which is greater than or equal to in precision. |
| test.c:1880:3:1880:16 | right-shift | The operand lhs11 is right-shifted by an expression rhs14 which is greater than or equal to in precision. |
| test.c:1894:3:1894:16 | right-shift | The operand lhs12 is right-shifted by an expression rhs12 which is greater than or equal to in precision. |
| test.c:1910:3:1910:16 | right-shift | The operand lhs13 is right-shifted by an expression rhs12 which is greater than or equal to in precision. |
| test.c:1912:3:1912:16 | right-shift | The operand lhs13 is right-shifted by an expression rhs13 which is greater than or equal to in precision. |
| test.c:1914:3:1914:16 | right-shift | The operand lhs13 is right-shifted by an expression rhs14 which is greater than or equal to in precision. |
| test.c:1928:3:1928:16 | right-shift | The operand lhs14 is right-shifted by an expression rhs12 which is greater than or equal to in precision. |
| test.c:1930:3:1930:16 | right-shift | The operand lhs14 is right-shifted by an expression rhs13 which is greater than or equal to in precision. |
| test.c:1932:3:1932:16 | right-shift | The operand lhs14 is right-shifted by an expression rhs14 which is greater than or equal to in precision. |
| test.c:3115:3:3115:12 | left-shift | The operand lhs0 is left-shifted by a negative expression - .... |
| test.c:3116:3:3116:12 | left-shift | The operand lhs1 is left-shifted by a negative expression - .... |
| test.c:3117:3:3117:12 | left-shift | The operand lhs2 is left-shifted by a negative expression - .... |
| test.c:3118:3:3118:12 | left-shift | The operand lhs3 is left-shifted by a negative expression - .... |
| test.c:3119:3:3119:12 | left-shift | The operand lhs4 is left-shifted by a negative expression - .... |
| test.c:3120:3:3120:12 | left-shift | The operand lhs5 is left-shifted by a negative expression - .... |
| test.c:3121:3:3121:12 | left-shift | The operand lhs6 is left-shifted by a negative expression - .... |
| test.c:3122:3:3122:12 | left-shift | The operand lhs7 is left-shifted by a negative expression - .... |
| test.c:3123:3:3123:12 | left-shift | The operand lhs8 is left-shifted by a negative expression - .... |
| test.c:3124:3:3124:12 | left-shift | The operand lhs9 is left-shifted by a negative expression - .... |
| test.c:3125:3:3125:13 | left-shift | The operand lhs10 is left-shifted by a negative expression - .... |
| test.c:3126:3:3126:13 | left-shift | The operand lhs11 is left-shifted by a negative expression - .... |
| test.c:3127:3:3127:13 | left-shift | The operand lhs12 is left-shifted by a negative expression - .... |
| test.c:3128:3:3128:13 | left-shift | The operand lhs13 is left-shifted by a negative expression - .... |
| test.c:3129:3:3129:13 | left-shift | The operand lhs14 is left-shifted by a negative expression - .... |