| test.c:2:16:2:17 | p1 | Use of banned 'restrict' type qualifier on $@. | test.c:2:16:2:17 | p1 | p1 |
| test.c:3:15:3:16 | p2 | Use of banned 'restrict' type qualifier on $@. | test.c:3:15:3:16 | p2 | p2 |
| test.c:4:23:4:24 | p1 | Use of banned 'restrict' type qualifier on $@. | test.c:4:23:4:24 | p1 | p1 |
| test.c:4:41:4:42 | p2 | Use of banned 'restrict' type qualifier on $@. | test.c:4:41:4:42 | p2 | p2 |
| test.c:4:59:4:60 | p3 | Use of banned 'restrict' type qualifier on $@. | test.c:4:59:4:60 | p3 | p3 |
