| test.c:47:3:47:13 | call to thrd_create | Thread creation call reachable from threaded function '$@'. | test.c:46:7:46:18 | pthread_func | pthread_func |
| test.c:48:3:48:16 | call to pthread_create | Thread creation call reachable from threaded function '$@'. | test.c:46:7:46:18 | pthread_func | pthread_func |
| test.c:56:3:56:13 | call to thrd_create | Thread creation call reachable from threaded function '$@'. | test.c:55:5:55:13 | thrd_func | thrd_func |
| test.c:57:3:57:16 | call to pthread_create | Thread creation call reachable from threaded function '$@'. | test.c:55:5:55:13 | thrd_func | thrd_func |
| test.c:65:3:65:13 | call to thrd_create | Thread creation call reachable from threaded function '$@'. | test.c:55:5:55:13 | thrd_func | thrd_func |
| test.c:66:3:66:16 | call to pthread_create | Thread creation call reachable from threaded function '$@'. | test.c:55:5:55:13 | thrd_func | thrd_func |
| test.c:74:3:74:13 | call to thrd_create | Thread creation call reachable from threaded function '$@'. | test.c:46:7:46:18 | pthread_func | pthread_func |
| test.c:74:3:74:13 | call to thrd_create | Thread creation call reachable from threaded function '$@'. | test.c:55:5:55:13 | thrd_func | thrd_func |
| test.c:75:3:75:16 | call to pthread_create | Thread creation call reachable from threaded function '$@'. | test.c:46:7:46:18 | pthread_func | pthread_func |
| test.c:75:3:75:16 | call to pthread_create | Thread creation call reachable from threaded function '$@'. | test.c:55:5:55:13 | thrd_func | thrd_func |
| test.c:79:3:79:13 | call to thrd_create | Thread creation call reachable from threaded function '$@'. | test.c:46:7:46:18 | pthread_func | pthread_func |
| test.c:79:3:79:13 | call to thrd_create | Thread creation call reachable from threaded function '$@'. | test.c:55:5:55:13 | thrd_func | thrd_func |
| test.c:80:3:80:16 | call to pthread_create | Thread creation call reachable from threaded function '$@'. | test.c:46:7:46:18 | pthread_func | pthread_func |
| test.c:80:3:80:16 | call to pthread_create | Thread creation call reachable from threaded function '$@'. | test.c:55:5:55:13 | thrd_func | thrd_func |
