| test.c:49:3:49:13 | call to thrd_create | Thread creation call reachable from function '$@', which may also be $@. | test.c:48:7:48:18 | pthread_func | pthread_func | test.c:19:3:19:16 | call to pthread_create | started as a thread |
| test.c:50:3:50:16 | call to pthread_create | Thread creation call reachable from function '$@', which may also be $@. | test.c:48:7:48:18 | pthread_func | pthread_func | test.c:19:3:19:16 | call to pthread_create | started as a thread |
| test.c:58:3:58:13 | call to thrd_create | Thread creation call reachable from function '$@', which may also be $@. | test.c:57:5:57:13 | thrd_func | thrd_func | test.c:18:3:18:13 | call to thrd_create | started as a thread |
| test.c:59:3:59:16 | call to pthread_create | Thread creation call reachable from function '$@', which may also be $@. | test.c:57:5:57:13 | thrd_func | thrd_func | test.c:18:3:18:13 | call to thrd_create | started as a thread |
| test.c:67:3:67:13 | call to thrd_create | Thread creation call reachable from function '$@', which may also be $@. | test.c:57:5:57:13 | thrd_func | thrd_func | test.c:18:3:18:13 | call to thrd_create | started as a thread |
| test.c:68:3:68:16 | call to pthread_create | Thread creation call reachable from function '$@', which may also be $@. | test.c:57:5:57:13 | thrd_func | thrd_func | test.c:18:3:18:13 | call to thrd_create | started as a thread |
| test.c:76:3:76:13 | call to thrd_create | Thread creation call reachable from function '$@', which may also be $@. | test.c:48:7:48:18 | pthread_func | pthread_func | test.c:19:3:19:16 | call to pthread_create | started as a thread |
| test.c:76:3:76:13 | call to thrd_create | Thread creation call reachable from function '$@', which may also be $@. | test.c:57:5:57:13 | thrd_func | thrd_func | test.c:18:3:18:13 | call to thrd_create | started as a thread |
| test.c:77:3:77:16 | call to pthread_create | Thread creation call reachable from function '$@', which may also be $@. | test.c:48:7:48:18 | pthread_func | pthread_func | test.c:19:3:19:16 | call to pthread_create | started as a thread |
| test.c:77:3:77:16 | call to pthread_create | Thread creation call reachable from function '$@', which may also be $@. | test.c:57:5:57:13 | thrd_func | thrd_func | test.c:18:3:18:13 | call to thrd_create | started as a thread |
| test.c:81:3:81:13 | call to thrd_create | Thread creation call reachable from function '$@', which may also be $@. | test.c:48:7:48:18 | pthread_func | pthread_func | test.c:19:3:19:16 | call to pthread_create | started as a thread |
| test.c:81:3:81:13 | call to thrd_create | Thread creation call reachable from function '$@', which may also be $@. | test.c:57:5:57:13 | thrd_func | thrd_func | test.c:18:3:18:13 | call to thrd_create | started as a thread |
| test.c:82:3:82:16 | call to pthread_create | Thread creation call reachable from function '$@', which may also be $@. | test.c:48:7:48:18 | pthread_func | pthread_func | test.c:19:3:19:16 | call to pthread_create | started as a thread |
| test.c:82:3:82:16 | call to pthread_create | Thread creation call reachable from function '$@', which may also be $@. | test.c:57:5:57:13 | thrd_func | thrd_func | test.c:18:3:18:13 | call to thrd_create | started as a thread |
