| test.c:4:16:4:20 | ... + ... | Cast from essentially Unsigned type to essentially Signed type changes type category. |
| test.c:5:18:5:22 | ... + ... | Cast from essentially Signed type to essentially Unsigned type changes type category. |
| test.c:11:11:11:15 | ... + ... | Cast from essentially Unsigned type to essentially Floating type changes type category. |
| test.c:12:20:12:24 | ... + ... | Cast from essentially Unsigned type to essentially Complex Floating type changes type category. |
| test.c:13:18:13:22 | ... + ... | Cast from essentially Floating type to essentially Unsigned type changes type category. |
| test.c:14:18:14:24 | ... + ... | Cast from essentially Complex Floating type to essentially Unsigned type changes type category. |
| test.c:25:18:25:24 | ... + ... | Cast from essentially Unsigned type to essentially Unsigned type widens type. |
| test.c:31:16:31:22 | ... + ... | Cast from essentially Signed type to essentially Signed type widens type. |
| test.c:43:12:43:20 | ... + ... | Cast from essentially Floating type to essentially Floating type widens type. |
| test.c:44:12:44:22 | ... + ... | Cast from essentially Complex Floating type to essentially Floating type widens type. |
