| test.c:13:5:13:5 | b | Operand of essentially Boolean type interpreted as a numeric value. |
| test.c:14:5:14:5 | c | Operand of essentially Charater type interpreted as a numeric value. |
| test.c:20:4:20:4 | b | Operand of essentially Boolean type interpreted as a numeric value. |
| test.c:21:4:21:4 | c | Operand of essentially Charater type interpreted as a numeric value. |
| test.c:22:4:22:5 | e1 | Operand of essentially Enum type used in arithmetic operation, but has an implementation defined integer type. |
| test.c:27:4:27:4 | b | Operand of essentially Boolean type interpreted as a numeric value. |
| test.c:28:4:28:4 | c | Operand of essentially Charater type interpreted as a numeric value. |
| test.c:29:4:29:5 | e1 | Operand of essentially Enum type used in arithmetic operation, but has an implementation defined integer type. |
| test.c:31:4:31:4 | u | Operand of essentially Unsigned type will be converted to a signed type with the signedness dependent on the implemented size of int. |
| test.c:34:7:34:7 | b | Operand of essentially Boolean type interpreted as a numeric value. |
| test.c:36:7:36:8 | e1 | Operand of essentially Enum type used in arithmetic operation, but has an implementation defined integer type. |
| test.c:41:7:41:7 | b | Operand of essentially Boolean type interpreted as a numeric value. |
| test.c:43:7:43:8 | e1 | Operand of essentially Enum type used in arithmetic operation, but has an implementation defined integer type. |
| test.c:48:3:48:3 | b | Operand of essentially Boolean type interpreted as a numeric value. |
| test.c:50:3:50:4 | e1 | Operand of essentially Enum type used in arithmetic operation, but has an implementation defined integer type. |
| test.c:55:3:55:3 | b | Operand of essentially Boolean type interpreted as a numeric value. |
| test.c:57:3:57:4 | e1 | Operand of essentially Enum type used in arithmetic operation, but has an implementation defined integer type. |
| test.c:62:3:62:3 | b | Operand of essentially Boolean type interpreted as a numeric value. |
| test.c:64:3:64:4 | e1 | Operand of essentially Enum type used in arithmetic operation, but has an implementation defined integer type. |
| test.c:69:3:69:3 | b | Operand of essentially Boolean type interpreted as a numeric value. |
| test.c:71:3:71:4 | e1 | Operand of essentially Enum type used in arithmetic operation, but has an implementation defined integer type. |
| test.c:76:5:76:5 | b | Operand of essentially Boolean type interpreted as a numeric value. |
| test.c:78:5:78:6 | e1 | Operand of essentially Enum type used in arithmetic operation, but has an implementation defined integer type. |
| test.c:83:5:83:5 | b | Operand of essentially Boolean type interpreted as a numeric value. |
| test.c:85:5:85:6 | e1 | Operand of essentially Enum type used in arithmetic operation, but has an implementation defined integer type. |
| test.c:90:7:90:7 | b | Operand of essentially Boolean type interpreted as a numeric value. |
| test.c:91:7:91:7 | c | Operand of essentially Charater type interpreted as a numeric value. |
| test.c:92:7:92:8 | e1 | Operand of essentially Enum type used in arithmetic operation, but has an implementation defined integer type. |
| test.c:97:7:97:7 | b | Operand of essentially Boolean type interpreted as a numeric value. |
| test.c:98:7:98:7 | c | Operand of essentially Charater type interpreted as a numeric value. |
| test.c:99:7:99:8 | e1 | Operand of essentially Enum type used in arithmetic operation, but has an implementation defined integer type. |
| test.c:104:3:104:3 | b | Operand of essentially Boolean type interpreted as a numeric value. |
| test.c:105:3:105:3 | c | Operand of essentially Charater type interpreted as a numeric value. |
| test.c:106:3:106:4 | e1 | Operand of essentially Enum type used in arithmetic operation, but has an implementation defined integer type. |
| test.c:111:3:111:3 | b | Operand of essentially Boolean type interpreted as a numeric value. |
| test.c:112:3:112:3 | c | Operand of essentially Charater type interpreted as a numeric value. |
| test.c:113:3:113:4 | e1 | Operand of essentially Enum type used in arithmetic operation, but has an implementation defined integer type. |
| test.c:118:3:118:3 | b | Operand of essentially Boolean type interpreted as a numeric value. |
| test.c:119:3:119:3 | c | Operand of essentially Charater type interpreted as a numeric value. |
| test.c:120:3:120:4 | e1 | Operand of essentially Enum type used in arithmetic operation, but has an implementation defined integer type. |
| test.c:125:7:125:7 | b | Operand of essentially Boolean type interpreted as a numeric value. |
| test.c:126:7:126:7 | c | Operand of essentially Charater type interpreted as a numeric value. |
| test.c:127:7:127:8 | e1 | Operand of essentially Enum type used in arithmetic operation, but has an implementation defined integer type. |
| test.c:132:7:132:7 | b | Operand of essentially Boolean type interpreted as a numeric value. |
| test.c:139:7:139:7 | b | Operand of essentially Boolean type interpreted as a numeric value. |
| test.c:146:8:146:8 | b | Operand of essentially Boolean type interpreted as a numeric value. |
| test.c:153:8:153:8 | b | Operand of essentially Boolean type interpreted as a numeric value. |
| test.c:160:3:160:3 | b | Operand of essentially Boolean type interpreted as a numeric value. |
| test.c:167:3:167:3 | b | Operand of essentially Boolean type interpreted as a numeric value. |
| test.c:174:3:174:3 | b | Operand of essentially Boolean type interpreted as a numeric value. |
| test.c:181:3:181:3 | b | Operand of essentially Boolean type interpreted as a numeric value. |
| test.c:217:4:217:4 | c | Operand of essentially Character type type interpreted as a Boolean value. |
| test.c:218:4:218:5 | e1 | Operand of essentially Enum Type type interpreted as a Boolean value. |
| test.c:219:4:219:4 | s | Operand of essentially Signed type type interpreted as a Boolean value. |
| test.c:220:4:220:4 | u | Operand of essentially Unsigned type type interpreted as a Boolean value. |
| test.c:221:4:221:4 | f | Operand of essentially Floating type type interpreted as a Boolean value. |
| test.c:224:3:224:3 | c | Operand of essentially Character type type interpreted as a Boolean value. |
| test.c:225:3:225:4 | e1 | Operand of essentially Enum Type type interpreted as a Boolean value. |
| test.c:226:3:226:3 | s | Operand of essentially Signed type type interpreted as a Boolean value. |
| test.c:227:3:227:3 | u | Operand of essentially Unsigned type type interpreted as a Boolean value. |
| test.c:228:3:228:3 | f | Operand of essentially Floating type type interpreted as a Boolean value. |
| test.c:231:3:231:3 | c | Operand of essentially Character type type interpreted as a Boolean value. |
| test.c:232:3:232:4 | e1 | Operand of essentially Enum Type type interpreted as a Boolean value. |
| test.c:233:3:233:3 | s | Operand of essentially Signed type type interpreted as a Boolean value. |
| test.c:234:3:234:3 | u | Operand of essentially Unsigned type type interpreted as a Boolean value. |
| test.c:235:3:235:3 | f | Operand of essentially Floating type type interpreted as a Boolean value. |
| test.c:238:11:238:11 | c | Operand of essentially Character type type interpreted as a Boolean value. |
| test.c:239:11:239:12 | e1 | Operand of essentially Enum Type type interpreted as a Boolean value. |
| test.c:240:11:240:11 | s | Operand of essentially Signed type type interpreted as a Boolean value. |
| test.c:241:11:241:11 | u | Operand of essentially Unsigned type type interpreted as a Boolean value. |
| test.c:242:11:242:11 | f | Operand of essentially Floating type type interpreted as a Boolean value. |
| test.c:245:12:245:12 | c | Operand of essentially Character type type interpreted as a Boolean value. |
| test.c:246:12:246:13 | e1 | Operand of essentially Enum Type type interpreted as a Boolean value. |
| test.c:247:12:247:12 | s | Operand of essentially Signed type type interpreted as a Boolean value. |
| test.c:248:12:248:12 | u | Operand of essentially Unsigned type type interpreted as a Boolean value. |
| test.c:249:12:249:12 | f | Operand of essentially Floating type type interpreted as a Boolean value. |
| test.c:251:3:251:3 | b | Operand of essentially Boolean type interpreted as a numeric value. |
| test.c:252:3:252:3 | c | Operand of essentially Charater type interpreted as a numeric value. |
| test.c:253:3:253:4 | e1 | Bitwise operator applied to operand of essentially Enum Type and not essentially unsigned. |
| test.c:254:3:254:3 | s | Bitwise operator applied to operand of essentially Signed type and not essentially unsigned. |
| test.c:258:3:258:3 | b | Operand of essentially Boolean type interpreted as a numeric value. |
| test.c:259:3:259:3 | c | Operand of essentially Charater type interpreted as a numeric value. |
| test.c:260:3:260:4 | e1 | Bitwise operator applied to operand of essentially Enum Type and not essentially unsigned. |
| test.c:261:3:261:3 | s | Bitwise operator applied to operand of essentially Signed type and not essentially unsigned. |
| test.c:265:8:265:8 | b | Operand of essentially Boolean type interpreted as a numeric value. |
| test.c:266:8:266:8 | c | Operand of essentially Charater type interpreted as a numeric value. |
| test.c:267:8:267:9 | e1 | Right hand operand of shift operator is essentially Enum Type and not not essentially unsigned. |
| test.c:268:8:268:8 | s | Right hand operand of shift operator is essentially Signed type and not not essentially unsigned. |
| test.c:272:8:272:8 | b | Operand of essentially Boolean type interpreted as a numeric value. |
| test.c:273:8:273:8 | c | Operand of essentially Charater type interpreted as a numeric value. |
| test.c:274:8:274:9 | e1 | Right hand operand of shift operator is essentially Enum Type and not not essentially unsigned. |
| test.c:275:8:275:8 | s | Right hand operand of shift operator is essentially Signed type and not not essentially unsigned. |
| test.c:279:3:279:3 | b | Operand of essentially Boolean type interpreted as a numeric value. |
| test.c:280:3:280:3 | c | Operand of essentially Charater type interpreted as a numeric value. |
| test.c:281:3:281:4 | e1 | Bitwise operator applied to operand of essentially Enum Type and not essentially unsigned. |
| test.c:282:3:282:3 | s | Bitwise operator applied to operand of essentially Signed type and not essentially unsigned. |
| test.c:286:3:286:3 | b | Operand of essentially Boolean type interpreted as a numeric value. |
| test.c:287:3:287:3 | c | Operand of essentially Charater type interpreted as a numeric value. |
| test.c:288:3:288:4 | e1 | Bitwise operator applied to operand of essentially Enum Type and not essentially unsigned. |
| test.c:289:3:289:3 | s | Bitwise operator applied to operand of essentially Signed type and not essentially unsigned. |
| test.c:293:3:293:3 | b | Operand of essentially Boolean type interpreted as a numeric value. |
| test.c:294:3:294:3 | c | Operand of essentially Charater type interpreted as a numeric value. |
| test.c:295:3:295:4 | e1 | Bitwise operator applied to operand of essentially Enum Type and not essentially unsigned. |
| test.c:296:3:296:3 | s | Bitwise operator applied to operand of essentially Signed type and not essentially unsigned. |
| test.c:300:6:300:6 | b | Operand of essentially Boolean type interpreted as a numeric value. |
| test.c:301:6:301:6 | c | Operand of essentially Charater type interpreted as a numeric value. |
| test.c:302:6:302:7 | e1 | Bitwise operator applied to operand of essentially Enum Type and not essentially unsigned. |
| test.c:303:6:303:6 | s | Bitwise operator applied to operand of essentially Signed type and not essentially unsigned. |
| test.c:307:7:307:7 | b | Operand of essentially Boolean type interpreted as a numeric value. |
| test.c:308:7:308:7 | c | Operand of essentially Charater type interpreted as a numeric value. |
| test.c:309:7:309:8 | e1 | Bitwise operator applied to operand of essentially Enum Type and not essentially unsigned. |
| test.c:310:7:310:7 | s | Bitwise operator applied to operand of essentially Signed type and not essentially unsigned. |
| test.c:314:7:314:7 | b | Operand of essentially Boolean type interpreted as a numeric value. |
| test.c:315:7:315:7 | c | Operand of essentially Charater type interpreted as a numeric value. |
| test.c:316:7:316:8 | e1 | Bitwise operator applied to operand of essentially Enum Type and not essentially unsigned. |
| test.c:317:7:317:7 | s | Bitwise operator applied to operand of essentially Signed type and not essentially unsigned. |
| test.c:321:4:321:4 | b | Operand of essentially Boolean type interpreted as a numeric value. |
| test.c:322:4:322:4 | c | Operand of essentially Charater type interpreted as a numeric value. |
| test.c:323:4:323:5 | e1 | Bitwise operator applied to operand of essentially Enum Type and not essentially unsigned. |
| test.c:324:4:324:4 | s | Bitwise operator applied to operand of essentially Signed type and not essentially unsigned. |
| test.c:329:3:329:3 | c | Operand of essentially Character type type interpreted as a Boolean value. |
| test.c:330:3:330:4 | e1 | Operand of essentially Enum Type type interpreted as a Boolean value. |
| test.c:331:3:331:3 | s | Operand of essentially Signed type type interpreted as a Boolean value. |
| test.c:332:3:332:3 | u | Operand of essentially Unsigned type type interpreted as a Boolean value. |
| test.c:333:3:333:3 | f | Operand of essentially Floating type type interpreted as a Boolean value. |
| test.c:342:3:342:3 | b | Operand of essentially Boolean type interpreted as a numeric value. |
| test.c:344:3:344:4 | e1 | Operand of essentially Enum type used in arithmetic operation, but has an implementation defined integer type. |
| test.c:349:3:349:3 | b | Operand of essentially Boolean type interpreted as a numeric value. |
| test.c:351:3:351:4 | e1 | Operand of essentially Enum type used in arithmetic operation, but has an implementation defined integer type. |
| test.c:356:8:356:8 | b | Operand of essentially Boolean type interpreted as a numeric value. |
| test.c:358:8:358:9 | e1 | Operand of essentially Enum type used in arithmetic operation, but has an implementation defined integer type. |
| test.c:363:8:363:8 | b | Operand of essentially Boolean type interpreted as a numeric value. |
| test.c:365:8:365:9 | e1 | Operand of essentially Enum type used in arithmetic operation, but has an implementation defined integer type. |
| test.c:370:3:370:3 | b | Operand of essentially Boolean type interpreted as a numeric value. |
| test.c:371:3:371:3 | c | Operand of essentially Charater type interpreted as a numeric value. |
| test.c:372:3:372:4 | e1 | Operand of essentially Enum type used in arithmetic operation, but has an implementation defined integer type. |
| test.c:377:3:377:3 | b | Operand of essentially Boolean type interpreted as a numeric value. |
| test.c:378:3:378:3 | c | Operand of essentially Charater type interpreted as a numeric value. |
| test.c:379:3:379:4 | e1 | Operand of essentially Enum type used in arithmetic operation, but has an implementation defined integer type. |
| test.c:384:8:384:8 | b | Operand of essentially Boolean type interpreted as a numeric value. |
| test.c:385:8:385:8 | c | Operand of essentially Charater type interpreted as a numeric value. |
| test.c:386:8:386:9 | e1 | Operand of essentially Enum type used in arithmetic operation, but has an implementation defined integer type. |
| test.c:391:8:391:8 | b | Operand of essentially Boolean type interpreted as a numeric value. |
| test.c:392:8:392:8 | c | Operand of essentially Charater type interpreted as a numeric value. |
| test.c:393:8:393:9 | e1 | Operand of essentially Enum type used in arithmetic operation, but has an implementation defined integer type. |
| test.c:398:3:398:3 | b | Operand of essentially Boolean type interpreted as a numeric value. |
| test.c:399:3:399:3 | c | Operand of essentially Charater type interpreted as a numeric value. |
| test.c:400:3:400:4 | e1 | Operand of essentially Enum type used in arithmetic operation, but has an implementation defined integer type. |
| test.c:405:8:405:8 | b | Operand of essentially Boolean type interpreted as a numeric value. |
| test.c:406:8:406:8 | c | Operand of essentially Charater type interpreted as a numeric value. |
| test.c:407:8:407:9 | e1 | Operand of essentially Enum type used in arithmetic operation, but has an implementation defined integer type. |
| test.c:412:3:412:3 | b | Operand of essentially Boolean type interpreted as a numeric value. |
| test.c:413:3:413:3 | c | Operand of essentially Charater type interpreted as a numeric value. |
| test.c:414:3:414:4 | e1 | Bitwise operator applied to operand of essentially Enum Type and not essentially unsigned. |
| test.c:415:3:415:3 | s | Bitwise operator applied to operand of essentially Signed type and not essentially unsigned. |
| test.c:419:3:419:3 | b | Operand of essentially Boolean type interpreted as a numeric value. |
| test.c:420:3:420:3 | c | Operand of essentially Charater type interpreted as a numeric value. |
| test.c:421:3:421:4 | e1 | Bitwise operator applied to operand of essentially Enum Type and not essentially unsigned. |
| test.c:422:3:422:3 | s | Bitwise operator applied to operand of essentially Signed type and not essentially unsigned. |
| test.c:426:9:426:9 | b | Operand of essentially Boolean type interpreted as a numeric value. |
| test.c:427:9:427:9 | c | Operand of essentially Charater type interpreted as a numeric value. |
| test.c:428:9:428:10 | e1 | Right hand operand of shift operator is essentially Enum Type and not not essentially unsigned. |
| test.c:429:9:429:9 | s | Right hand operand of shift operator is essentially Signed type and not not essentially unsigned. |
| test.c:433:9:433:9 | b | Operand of essentially Boolean type interpreted as a numeric value. |
| test.c:434:9:434:9 | c | Operand of essentially Charater type interpreted as a numeric value. |
| test.c:435:9:435:10 | e1 | Right hand operand of shift operator is essentially Enum Type and not not essentially unsigned. |
| test.c:436:9:436:9 | s | Right hand operand of shift operator is essentially Signed type and not not essentially unsigned. |
| test.c:440:3:440:3 | b | Operand of essentially Boolean type interpreted as a numeric value. |
| test.c:441:3:441:3 | c | Operand of essentially Charater type interpreted as a numeric value. |
| test.c:442:3:442:4 | e1 | Bitwise operator applied to operand of essentially Enum Type and not essentially unsigned. |
| test.c:443:3:443:3 | s | Bitwise operator applied to operand of essentially Signed type and not essentially unsigned. |
| test.c:447:3:447:3 | b | Operand of essentially Boolean type interpreted as a numeric value. |
| test.c:448:3:448:3 | c | Operand of essentially Charater type interpreted as a numeric value. |
| test.c:449:3:449:4 | e1 | Bitwise operator applied to operand of essentially Enum Type and not essentially unsigned. |
| test.c:450:3:450:3 | s | Bitwise operator applied to operand of essentially Signed type and not essentially unsigned. |
| test.c:454:3:454:3 | b | Operand of essentially Boolean type interpreted as a numeric value. |
| test.c:455:3:455:3 | c | Operand of essentially Charater type interpreted as a numeric value. |
| test.c:456:3:456:4 | e1 | Bitwise operator applied to operand of essentially Enum Type and not essentially unsigned. |
| test.c:457:3:457:3 | s | Bitwise operator applied to operand of essentially Signed type and not essentially unsigned. |
| test.c:461:8:461:8 | b | Operand of essentially Boolean type interpreted as a numeric value. |
| test.c:462:8:462:8 | c | Operand of essentially Charater type interpreted as a numeric value. |
| test.c:463:8:463:9 | e1 | Bitwise operator applied to operand of essentially Enum Type and not essentially unsigned. |
| test.c:464:8:464:8 | s | Bitwise operator applied to operand of essentially Signed type and not essentially unsigned. |
| test.c:468:8:468:8 | b | Operand of essentially Boolean type interpreted as a numeric value. |
| test.c:469:8:469:8 | c | Operand of essentially Charater type interpreted as a numeric value. |
| test.c:470:8:470:9 | e1 | Bitwise operator applied to operand of essentially Enum Type and not essentially unsigned. |
| test.c:471:8:471:8 | s | Bitwise operator applied to operand of essentially Signed type and not essentially unsigned. |
| test.c:475:8:475:8 | b | Operand of essentially Boolean type interpreted as a numeric value. |
| test.c:476:8:476:8 | c | Operand of essentially Charater type interpreted as a numeric value. |
| test.c:477:8:477:9 | e1 | Bitwise operator applied to operand of essentially Enum Type and not essentially unsigned. |
| test.c:478:8:478:8 | s | Bitwise operator applied to operand of essentially Signed type and not essentially unsigned. |
