| test_types_not_identical_in_object_declarations.cpp:9:6:9:7 | definition of a3 | The types used on re-declaration $@ of object $@ are not a token for token match | test_types_not_identical_in_object_declarations.cpp:9:6:9:7 | definition of a3 | a3 | test_types_not_identical_in_object_declarations.cpp:11:11:11:12 | declaration of a3 | a3 |
| test_types_not_identical_in_object_declarations.cpp:11:11:11:12 | declaration of a3 | The types used on re-declaration $@ of object $@ are not a token for token match | test_types_not_identical_in_object_declarations.cpp:11:11:11:12 | declaration of a3 | a3 | test_types_not_identical_in_object_declarations.cpp:9:6:9:7 | definition of a3 | a3 |
| test_types_not_identical_in_object_declarations.cpp:16:22:16:23 | declaration of b as b1 | The types used on re-declaration $@ of object $@ are not a token for token match | test_types_not_identical_in_object_declarations.cpp:16:22:16:23 | declaration of b as b1 | b1 | test_types_not_identical_in_object_declarations.cpp:23:22:23:22 | definition of b | b |
| test_types_not_identical_in_object_declarations.cpp:23:22:23:22 | definition of b | The types used on re-declaration $@ of object $@ are not a token for token match | test_types_not_identical_in_object_declarations.cpp:23:22:23:22 | definition of b | b | test_types_not_identical_in_object_declarations.cpp:16:22:16:23 | declaration of b as b1 | b1 |
| test_types_not_identical_in_object_declarations.cpp:30:20:30:21 | declaration of b2 | The types used on re-declaration $@ of object $@ are not a token for token match | test_types_not_identical_in_object_declarations.cpp:30:20:30:21 | declaration of b2 | b2 | test_types_not_identical_in_object_declarations.cpp:32:18:32:19 | definition of b2 | b2 |
| test_types_not_identical_in_object_declarations.cpp:32:18:32:19 | definition of b2 | The types used on re-declaration $@ of object $@ are not a token for token match | test_types_not_identical_in_object_declarations.cpp:32:18:32:19 | definition of b2 | b2 | test_types_not_identical_in_object_declarations.cpp:30:20:30:21 | declaration of b2 | b2 |
| test_types_not_identical_in_object_declarations.cpp:40:19:40:20 | declaration of b4 | The types used on re-declaration $@ of object $@ are not a token for token match | test_types_not_identical_in_object_declarations.cpp:40:19:40:20 | declaration of b4 | b4 | test_types_not_identical_in_object_declarations.cpp:41:21:41:22 | definition of b4 | b4 |
| test_types_not_identical_in_object_declarations.cpp:41:21:41:22 | definition of b4 | The types used on re-declaration $@ of object $@ are not a token for token match | test_types_not_identical_in_object_declarations.cpp:41:21:41:22 | definition of b4 | b4 | test_types_not_identical_in_object_declarations.cpp:40:19:40:20 | declaration of b4 | b4 |
| test_types_not_identical_in_object_declarations.cpp:45:21:45:22 | declaration of b5 | The types used on re-declaration $@ of object $@ are not a token for token match | test_types_not_identical_in_object_declarations.cpp:45:21:45:22 | declaration of b5 | b5 | test_types_not_identical_in_object_declarations.cpp:46:19:46:20 | declaration of b5 | b5 |
| test_types_not_identical_in_object_declarations.cpp:46:19:46:20 | declaration of b5 | The types used on re-declaration $@ of object $@ are not a token for token match | test_types_not_identical_in_object_declarations.cpp:46:19:46:20 | declaration of b5 | b5 | test_types_not_identical_in_object_declarations.cpp:45:21:45:22 | declaration of b5 | b5 |
| test_types_not_identical_in_object_declarations.cpp:48:11:48:12 | declaration of a4 | The types used on re-declaration $@ of object $@ are not a token for token match | test_types_not_identical_in_object_declarations.cpp:48:11:48:12 | declaration of a4 | a4 | test_types_not_identical_in_object_declarations.cpp:49:13:49:14 | declaration of a4 | a4 |
| test_types_not_identical_in_object_declarations.cpp:49:13:49:14 | declaration of a4 | The types used on re-declaration $@ of object $@ are not a token for token match | test_types_not_identical_in_object_declarations.cpp:49:13:49:14 | declaration of a4 | a4 | test_types_not_identical_in_object_declarations.cpp:48:11:48:12 | declaration of a4 | a4 |
| test_types_not_identical_in_object_declarations.cpp:51:13:51:14 | declaration of a5 | The types used on re-declaration $@ of object $@ are not a token for token match | test_types_not_identical_in_object_declarations.cpp:51:13:51:14 | declaration of a5 | a5 | test_types_not_identical_in_object_declarations.cpp:52:11:52:12 | declaration of a5 | a5 |
| test_types_not_identical_in_object_declarations.cpp:52:11:52:12 | declaration of a5 | The types used on re-declaration $@ of object $@ are not a token for token match | test_types_not_identical_in_object_declarations.cpp:52:11:52:12 | declaration of a5 | a5 | test_types_not_identical_in_object_declarations.cpp:51:13:51:14 | declaration of a5 | a5 |
| test_types_not_identical_in_object_declarations.cpp:65:20:65:21 | declaration of b9 | The types used on re-declaration $@ of object $@ are not a token for token match | test_types_not_identical_in_object_declarations.cpp:65:20:65:21 | declaration of b9 | b9 | test_types_not_identical_in_object_declarations.cpp:67:26:67:27 | declaration of b9 | b9 |
| test_types_not_identical_in_object_declarations.cpp:66:21:66:22 | declaration of b9 | The types used on re-declaration $@ of object $@ are not a token for token match | test_types_not_identical_in_object_declarations.cpp:66:21:66:22 | declaration of b9 | b9 | test_types_not_identical_in_object_declarations.cpp:67:26:67:27 | declaration of b9 | b9 |
| test_types_not_identical_in_object_declarations.cpp:67:26:67:27 | declaration of b9 | The types used on re-declaration $@ of object $@ are not a token for token match | test_types_not_identical_in_object_declarations.cpp:67:26:67:27 | declaration of b9 | b9 | test_types_not_identical_in_object_declarations.cpp:65:20:65:21 | declaration of b9 | b9 |
| test_types_not_identical_in_object_declarations.cpp:67:26:67:27 | declaration of b9 | The types used on re-declaration $@ of object $@ are not a token for token match | test_types_not_identical_in_object_declarations.cpp:67:26:67:27 | declaration of b9 | b9 | test_types_not_identical_in_object_declarations.cpp:66:21:66:22 | declaration of b9 | b9 |
| test_types_not_identical_in_object_declarations.cpp:69:21:69:23 | declaration of b10 | The types used on re-declaration $@ of object $@ are not a token for token match | test_types_not_identical_in_object_declarations.cpp:69:21:69:23 | declaration of b10 | b10 | test_types_not_identical_in_object_declarations.cpp:71:21:71:23 | declaration of b10 | b10 |
| test_types_not_identical_in_object_declarations.cpp:71:21:71:23 | declaration of b10 | The types used on re-declaration $@ of object $@ are not a token for token match | test_types_not_identical_in_object_declarations.cpp:71:21:71:23 | declaration of b10 | b10 | test_types_not_identical_in_object_declarations.cpp:69:21:69:23 | declaration of b10 | b10 |
| test_types_not_identical_in_object_declarations.cpp:71:21:71:23 | declaration of b10 | The types used on re-declaration $@ of object $@ are not a token for token match | test_types_not_identical_in_object_declarations.cpp:71:21:71:23 | declaration of b10 | b10 | test_types_not_identical_in_object_declarations.cpp:73:19:73:21 | declaration of b10 | b10 |
| test_types_not_identical_in_object_declarations.cpp:73:19:73:21 | declaration of b10 | The types used on re-declaration $@ of object $@ are not a token for token match | test_types_not_identical_in_object_declarations.cpp:73:19:73:21 | declaration of b10 | b10 | test_types_not_identical_in_object_declarations.cpp:71:21:71:23 | declaration of b10 | b10 |
