WARNING: module 'DataFlow' has been deprecated and may be removed in future (DependenceOnOrderOfFunctionArgumentsForSideEffects.ql:28,31-39)
WARNING: module 'DataFlow' has been deprecated and may be removed in future (DependenceOnOrderOfFunctionArgumentsForSideEffects.ql:28,59-67)
WARNING: module 'DataFlow' has been deprecated and may be removed in future (DependenceOnOrderOfFunctionArgumentsForSideEffects.ql:31,33-41)
WARNING: module 'DataFlow' has been deprecated and may be removed in future (DependenceOnOrderOfFunctionArgumentsForSideEffects.ql:31,57-65)
WARNING: module 'DataFlow' has been deprecated and may be removed in future (DependenceOnOrderOfFunctionArgumentsForSideEffects.ql:35,33-41)
WARNING: module 'DataFlow' has been deprecated and may be removed in future (DependenceOnOrderOfFunctionArgumentsForSideEffects.ql:35,59-67)
WARNING: module 'DataFlow' has been deprecated and may be removed in future (DependenceOnOrderOfFunctionArgumentsForSideEffects.ql:44,5-13)
WARNING: module 'DataFlow' has been deprecated and may be removed in future (DependenceOnOrderOfFunctionArgumentsForSideEffects.ql:44,25-33)
WARNING: module 'DataFlow' has been deprecated and may be removed in future (DependenceOnOrderOfFunctionArgumentsForSideEffects.ql:44,53-61)
WARNING: module 'DataFlow' has been deprecated and may be removed in future (DependenceOnOrderOfFunctionArgumentsForSideEffects.ql:47,31-39)
WARNING: module 'DataFlow' has been deprecated and may be removed in future (DependenceOnOrderOfFunctionArgumentsForSideEffects.ql:47,57-65)
WARNING: module 'DataFlow' has been deprecated and may be removed in future (DependenceOnOrderOfFunctionArgumentsForSideEffects.ql:56,31-39)
WARNING: module 'DataFlow' has been deprecated and may be removed in future (DependenceOnOrderOfFunctionArgumentsForSideEffects.ql:56,55-63)
WARNING: module 'DataFlow' has been deprecated and may be removed in future (DependenceOnOrderOfFunctionArgumentsForSideEffects.ql:63,31-39)
WARNING: module 'DataFlow' has been deprecated and may be removed in future (DependenceOnOrderOfFunctionArgumentsForSideEffects.ql:63,57-65)
WARNING: module 'DataFlow' has been deprecated and may be removed in future (DependenceOnOrderOfFunctionArgumentsForSideEffects.ql:75,31-39)
WARNING: module 'DataFlow' has been deprecated and may be removed in future (DependenceOnOrderOfFunctionArgumentsForSideEffects.ql:75,55-63)
WARNING: module 'TaintTracking' has been deprecated and may be removed in future (DependenceOnOrderOfFunctionArgumentsForSideEffects.ql:28,5-18)
WARNING: module 'TaintTracking' has been deprecated and may be removed in future (DependenceOnOrderOfFunctionArgumentsForSideEffects.ql:31,7-20)
WARNING: module 'TaintTracking' has been deprecated and may be removed in future (DependenceOnOrderOfFunctionArgumentsForSideEffects.ql:35,7-20)
WARNING: module 'TaintTracking' has been deprecated and may be removed in future (DependenceOnOrderOfFunctionArgumentsForSideEffects.ql:47,5-18)
WARNING: module 'TaintTracking' has been deprecated and may be removed in future (DependenceOnOrderOfFunctionArgumentsForSideEffects.ql:56,5-18)
WARNING: module 'TaintTracking' has been deprecated and may be removed in future (DependenceOnOrderOfFunctionArgumentsForSideEffects.ql:63,5-18)
WARNING: module 'TaintTracking' has been deprecated and may be removed in future (DependenceOnOrderOfFunctionArgumentsForSideEffects.ql:75,5-18)
| test.c:20:3:20:4 | call to f1 | Depending on the order of evaluation for the arguments $@ and $@ for side effects on shared state is unspecified and can result in unexpected behavior. | test.c:20:6:20:7 | call to f2 | call to f2 | test.c:20:12:20:13 | call to f3 | call to f3 |
