| test.c:20:3:20:27 | declaration | This statement is dead code. |
| test.c:21:3:21:12 | ExprStmt | This statement is dead code. |
| test.c:22:3:22:12 | ExprStmt | This statement is dead code. |
| test.c:24:3:26:3 | if (...) ...  | This statement is dead code. |
| test.c:36:3:37:3 | if (...) ...  | This statement is dead code. |
| test.c:39:3:39:4 | { ... } | This statement is dead code. |
| test.c:40:3:42:3 | { ... } | This statement is dead code. |
| test.c:56:6:57:3 | { ... } | This statement is dead code. |
| test.c:67:46:68:3 | { ... } | This statement is dead code. |
| test.c:71:3:71:8 | ExprStmt | This statement is dead code. |
| test.c:73:3:73:21 | ExprStmt | This statement is dead code. |
