| test.cpp:7:18:7:31 | call to basic_string | The argument of the $@ may be indeterminate when accessed at this location. | test.cpp:7:18:7:26 | call to move | call to move |
| test.cpp:31:11:31:22 | call to basic_string | The argument of the $@ may be indeterminate when accessed at this location. | test.cpp:31:11:31:19 | call to move | call to move |
| test.cpp:38:11:38:22 | call to basic_string | The argument of the $@ may be indeterminate when accessed at this location. | test.cpp:38:11:38:19 | call to move | call to move |
| test.cpp:46:11:46:26 | call to basic_string | The argument of the $@ may be indeterminate when accessed at this location. | test.cpp:46:11:46:19 | call to move | call to move |
| test.cpp:59:19:59:31 | call to basic_string | The argument of the $@ may be indeterminate when accessed at this location. | test.cpp:59:19:59:27 | call to move | call to move |
| test.cpp:71:18:71:39 | call to basic_string | The argument of the $@ may be indeterminate when accessed at this location. | test.cpp:71:18:71:26 | call to move | call to move |
| test.cpp:78:18:78:37 | call to basic_string | The argument of the $@ may be indeterminate when accessed at this location. | test.cpp:78:18:78:26 | call to move | call to move |
