| test.cpp:8:3:9:8 | ... = ... | Scalar object referenced by $@ has a $@ that is unsequenced in relative to another $@. | test.cpp:4:5:4:6 | g1 | g1 | test.cpp:8:8:8:11 | ++ ... | side-effect | test.cpp:8:3:8:4 | g1 | side-effect or value computation |
| test.cpp:10:3:10:15 | ... = ... | Scalar object referenced by $@ has a $@ that is unsequenced in relative to another $@. | test.cpp:4:5:4:6 | g1 | g1 | test.cpp:10:6:10:9 | ... ++ | side-effect | test.cpp:10:14:10:15 | g1 | side-effect or value computation |
| test.cpp:14:3:14:12 | ... += ... | Scalar object referenced by $@ has a $@ that is unsequenced in relative to another $@. | test.cpp:4:5:4:6 | g1 | g1 | test.cpp:14:9:14:12 | ... ++ | side-effect | test.cpp:14:3:14:4 | g1 | side-effect or value computation |
| test.cpp:15:3:16:11 | ... = ... | Scalar object referenced by $@ has a $@ that is unsequenced in relative to another $@. | test.cpp:4:5:4:6 | g1 | g1 | test.cpp:15:8:16:11 | ... += ... | side-effect | test.cpp:15:3:15:4 | g1 | side-effect or value computation |
| test.cpp:21:3:21:4 | call to f2 | Scalar object referenced by $@ has a $@ that is unsequenced in relative to another $@. | test.cpp:20:13:20:14 | p1 | p1 | test.cpp:21:6:21:9 | ... ++ | side-effect | test.cpp:21:12:21:13 | p1 | side-effect or value computation |
| test.cpp:28:13:28:13 | call to operator<< | Scalar object referenced by $@ has a $@ that is unsequenced in relative to another $@. | test.cpp:26:13:26:14 | p1 | p1 | test.cpp:27:16:27:19 | ... ++ | side-effect | test.cpp:27:24:27:25 | p1 | side-effect or value computation |
| test.cpp:92:3:92:4 | call to f2 | Scalar object referenced by $@ has a $@ that is unsequenced in relative to another $@. | test.cpp:91:7:91:7 | i | i | test.cpp:62:25:62:30 | ++ ... | side-effect | test.cpp:92:18:92:18 | i | side-effect or value computation |
| test.cpp:92:3:92:4 | call to f2 | Scalar object referenced by $@ has a $@ that is unsequenced in relative to another $@. | test.cpp:91:7:91:7 | i | i | test.cpp:66:3:66:8 | ... = ... | side-effect | test.cpp:92:10:92:10 | i | side-effect or value computation |
| test.cpp:93:3:93:4 | call to f2 | Scalar object referenced by $@ has a $@ that is unsequenced in relative to another $@. | test.cpp:91:7:91:7 | i | i | test.cpp:62:25:62:30 | ++ ... | side-effect | test.cpp:93:10:93:10 | i | side-effect or value computation |
| test.cpp:93:3:93:4 | call to f2 | Scalar object referenced by $@ has a $@ that is unsequenced in relative to another $@. | test.cpp:91:7:91:7 | i | i | test.cpp:62:25:62:30 | ++ ... | side-effect | test.cpp:93:19:93:19 | i | side-effect or value computation |
| test.cpp:95:3:95:4 | call to f2 | Scalar object referenced by $@ has a $@ that is unsequenced in relative to another $@. | test.cpp:91:7:91:7 | i | i | test.cpp:63:25:63:27 | ++ ... | side-effect | test.cpp:95:16:95:16 | i | side-effect or value computation |
| test.cpp:95:3:95:4 | call to f2 | Scalar object referenced by $@ has a $@ that is unsequenced in relative to another $@. | test.cpp:91:7:91:7 | i | i | test.cpp:71:3:71:7 | ... = ... | side-effect | test.cpp:95:9:95:9 | i | side-effect or value computation |
| test.cpp:96:3:96:4 | call to f2 | Scalar object referenced by $@ has a $@ that is unsequenced in relative to another $@. | test.cpp:91:7:91:7 | i | i | test.cpp:63:25:63:27 | ++ ... | side-effect | test.cpp:96:9:96:9 | i | side-effect or value computation |
| test.cpp:96:3:96:4 | call to f2 | Scalar object referenced by $@ has a $@ that is unsequenced in relative to another $@. | test.cpp:91:7:91:7 | i | i | test.cpp:63:25:63:27 | ++ ... | side-effect | test.cpp:96:17:96:17 | i | side-effect or value computation |
