| test.cpp:14:19:14:32 | call to expression | A null pointer-to-member value originating from $@ is passed as the second operand to a pointer-to-member expression. | test.cpp:6:19:6:23 | gptr1 | here |
| test.cpp:16:19:16:32 | call to expression | A null pointer-to-member value originating from $@ is passed as the second operand to a pointer-to-member expression. | test.cpp:7:19:7:23 | gptr2 | here |
| test.cpp:19:24:19:28 | gptr4 | A null pointer-to-member value originating from $@ is passed as the second operand to a pointer-to-member expression. | test.cpp:10:17:10:21 | gptr4 | here |
| test.cpp:21:24:21:28 | gptr5 | A null pointer-to-member value originating from $@ is passed as the second operand to a pointer-to-member expression. | test.cpp:11:17:11:21 | gptr5 | here |
| test.cpp:58:3:58:13 | call to expression | A null pointer-to-member value originating from $@ is passed as the second operand to a pointer-to-member expression. | test.cpp:48:21:48:22 | l2 | here |
| test.cpp:59:3:59:13 | call to expression | A null pointer-to-member value originating from $@ is passed as the second operand to a pointer-to-member expression. | test.cpp:49:21:49:22 | l3 | here |
| test.cpp:62:8:62:9 | l5 | A null pointer-to-member value originating from $@ is passed as the second operand to a pointer-to-member expression. | test.cpp:52:19:52:20 | l5 | here |
| test.cpp:63:8:63:9 | l6 | A null pointer-to-member value originating from $@ is passed as the second operand to a pointer-to-member expression. | test.cpp:53:19:53:20 | l6 | here |
| test.cpp:76:3:76:13 | call to expression | A null pointer-to-member value originating from $@ is passed as the second operand to a pointer-to-member expression. | test.cpp:48:21:48:22 | l2 | here |
| test.cpp:79:8:79:9 | l5 | A null pointer-to-member value originating from $@ is passed as the second operand to a pointer-to-member expression. | test.cpp:52:19:52:20 | l5 | here |
| test.cpp:84:3:84:13 | call to expression | A null pointer-to-member value originating from $@ is passed as the second operand to a pointer-to-member expression. | test.cpp:48:21:48:22 | l2 | here |
| test.cpp:89:8:89:9 | l5 | A null pointer-to-member value originating from $@ is passed as the second operand to a pointer-to-member expression. | test.cpp:52:19:52:20 | l5 | here |
