| test.cpp:10:21:10:55 | static_cast<IncompleteClass *>... | Cast of pointer to incomplete class $@. | test.cpp:1:7:1:21 | IncompleteClass | IncompleteClass |
| test.cpp:11:21:11:60 | reinterpret_cast<IncompleteClass *>... | Cast of pointer to incomplete class $@. | test.cpp:1:7:1:21 | IncompleteClass | IncompleteClass |
| test.cpp:12:21:12:42 | (IncompleteClass *)... | Cast of pointer to incomplete class $@. | test.cpp:1:7:1:21 | IncompleteClass | IncompleteClass |
