| test.cpp:3:11:3:12 | g3 | Element has internal linkage |
| test.cpp:5:12:5:13 | g5 | Element has internal linkage |
| test.cpp:82:1:82:9 | (unnamed namespace) | Element has internal linkage |
| test.cpp:83:11:83:13 | (unnamed namespace)::ns2 | Element has internal linkage |
| test.cpp:84:5:84:6 | l1 | Element has internal linkage |
| test.cpp:86:6:86:7 | f1 | Element has internal linkage |
| test.cpp:88:6:88:7 | e1 | Element has internal linkage |
| test.cpp:93:14:93:14 | e2 | Element has internal linkage |
| test.cpp:99:6:99:7 | f2 | Element has internal linkage |
| test.cpp:101:7:101:7 | C1 | Element has internal linkage |
| test.cpp:101:7:101:7 | operator= | Element has internal linkage |
| test.cpp:101:7:101:7 | operator= | Element has internal linkage |
| test.cpp:101:7:101:8 | C1 | Element has internal linkage |
| test.cpp:103:14:103:15 | m2 | Element has internal linkage |
| test.cpp:104:8:104:9 | m3 | Element has internal linkage |
| test.cpp:106:9:106:9 | C2 | Element has internal linkage |
| test.cpp:106:9:106:9 | operator= | Element has internal linkage |
| test.cpp:106:9:106:9 | operator= | Element has internal linkage |
| test.cpp:106:9:106:10 | C2 | Element has internal linkage |
| test.cpp:108:16:108:17 | m2 | Element has internal linkage |
| test.cpp:109:10:109:11 | m3 | Element has internal linkage |
| test.cpp:112:18:112:18 | operator= | Element has internal linkage |
| test.cpp:112:18:112:18 | operator= | Element has internal linkage |
| test.cpp:112:18:112:19 | C3 | Element has internal linkage |
| test.cpp:115:10:115:11 | m3 | Element has internal linkage |
| test.cpp:125:15:125:15 | (unnamed constructor) | Element has internal linkage |
| test.cpp:125:15:125:15 | operator= | Element has internal linkage |
| test.cpp:125:15:125:15 | operator= | Element has internal linkage |
| test.cpp:125:15:125:16 | C2 | Element has internal linkage |
| test.cpp:128:8:128:9 | m3 | Element has internal linkage |
| test.cpp:130:9:130:9 | C2 | Element has internal linkage |
| test.cpp:130:9:130:9 | operator= | Element has internal linkage |
| test.cpp:130:9:130:9 | operator= | Element has internal linkage |
| test.cpp:130:9:130:10 | C2 | Element has internal linkage |
| test.cpp:133:10:133:11 | m3 | Element has internal linkage |
| test.cpp:136:17:136:17 | (unnamed constructor) | Element has internal linkage |
| test.cpp:136:17:136:17 | operator= | Element has internal linkage |
| test.cpp:136:17:136:17 | operator= | Element has internal linkage |
| test.cpp:136:17:136:18 | C3 | Element has internal linkage |
| test.cpp:139:10:139:11 | m3 | Element has internal linkage |
| test.cpp:150:7:150:8 | C3<T> | Element has internal linkage |
| test.cpp:158:13:158:13 | f | Element has internal linkage |
| test.cpp:159:12:159:12 | i | Element has internal linkage |
| test.cpp:161:15:161:15 | f | Element has internal linkage |
