| test.cpp:24:7:24:34 | new | nothrow new allocation of $@ returns here without a subsequent check to see whether the pointer is valid. | test.cpp:24:7:24:34 | new | StructA * |
| test.cpp:40:17:40:38 | call to allocate_without_check | nothrow new allocation of $@ returns here without a subsequent check to see whether the pointer is valid. | test.cpp:35:17:35:44 | new | StructA * |
