| test.cpp:14:3:14:14 | declaration of operator new | User-provided declaration of `operator new`. |
| test.cpp:16:3:16:16 | declaration of operator new[] | User-provided declaration of `operator new[]`. |
| test.cpp:17:8:17:22 | declaration of operator delete | User-provided declaration of `operator delete`. |
| test.cpp:19:8:19:24 | declaration of operator delete[] | User-provided declaration of `operator delete[]`. |
| test.cpp:21:9:21:20 | declaration of operator new | User-provided declaration of `operator new`. |
| test.cpp:25:9:25:20 | declaration of operator new | User-provided declaration of `operator new`. |
| test.cpp:28:9:28:22 | declaration of operator new[] | User-provided declaration of `operator new[]`. |
| test.cpp:32:3:32:14 | declaration of operator new | User-provided declaration of `operator new`. |
| test.cpp:35:3:35:14 | declaration of operator new | User-provided declaration of `operator new`. |
| test.cpp:37:8:37:22 | declaration of operator delete | User-provided declaration of `operator delete`. |
| test.cpp:40:8:40:24 | declaration of operator delete[] | User-provided declaration of `operator delete[]`. |
| test.cpp:43:8:43:22 | declaration of operator delete | User-provided declaration of `operator delete`. |
| test.cpp:51:7:51:22 | definition of operator new | User-provided declaration of `operator new`. |
| test.cpp:54:7:54:24 | definition of operator new[] | User-provided declaration of `operator new[]`. |
| test.cpp:57:6:57:24 | definition of operator delete | User-provided declaration of `operator delete`. |
| test.cpp:60:6:60:26 | definition of operator delete[] | User-provided declaration of `operator delete[]`. |
| test.cpp:63:7:63:22 | definition of operator new | User-provided declaration of `operator new`. |
| test.cpp:66:7:66:22 | definition of operator new | User-provided declaration of `operator new`. |
| test.cpp:69:7:69:24 | definition of operator new[] | User-provided declaration of `operator new[]`. |
| test.cpp:72:7:72:22 | definition of operator new | User-provided declaration of `operator new`. |
| test.cpp:75:7:75:22 | definition of operator new | User-provided declaration of `operator new`. |
| test.cpp:87:9:87:20 | definition of operator new | User-provided declaration of `operator new`. |
| test.cpp:90:9:90:22 | definition of operator new[] | User-provided declaration of `operator new[]`. |
| test.cpp:93:8:93:22 | definition of operator delete | User-provided declaration of `operator delete`. |
| test.cpp:96:8:96:24 | definition of operator delete[] | User-provided declaration of `operator delete[]`. |
| test.cpp:99:9:99:20 | definition of operator new | User-provided declaration of `operator new`. |
| test.cpp:102:9:102:20 | definition of operator new | User-provided declaration of `operator new`. |
| test.cpp:105:9:105:22 | definition of operator new[] | User-provided declaration of `operator new[]`. |
| test.cpp:108:9:108:20 | definition of operator new | User-provided declaration of `operator new`. |
| test.cpp:111:9:111:20 | definition of operator new | User-provided declaration of `operator new`. |
| test.cpp:119:7:119:18 | declaration of operator new | User-provided declaration of `operator new`. |
| test.cpp:121:7:121:18 | definition of operator new | User-provided declaration of `operator new`. |
| test.cpp:124:6:124:20 | definition of operator delete | User-provided declaration of `operator delete`. |
| test.cpp:127:7:127:20 | definition of operator new[] | User-provided declaration of `operator new[]`. |
| test.cpp:130:6:130:22 | definition of operator delete[] | User-provided declaration of `operator delete[]`. |
| test.cpp:133:7:133:18 | definition of operator new | User-provided declaration of `operator new`. |
| test.cpp:136:7:136:20 | definition of operator new[] | User-provided declaration of `operator new[]`. |
| test.cpp:139:6:139:20 | definition of operator delete | User-provided declaration of `operator delete`. |
| test.cpp:142:6:142:22 | definition of operator delete[] | User-provided declaration of `operator delete[]`. |
| test.cpp:145:6:145:20 | definition of operator delete | User-provided declaration of `operator delete`. |
| test.cpp:148:6:148:22 | definition of operator delete[] | User-provided declaration of `operator delete[]`. |
| test.cpp:157:1:157:12 | declaration of operator new | User-provided declaration of `operator new`. |
| test.cpp:159:7:159:20 | declaration of operator new[] | User-provided declaration of `operator new[]`. |
| test.cpp:162:7:162:18 | definition of operator new | User-provided declaration of `operator new`. |
| test.cpp:165:7:165:18 | definition of operator new | User-provided declaration of `operator new`. |
| test.cpp:168:6:168:20 | declaration of operator delete | User-provided declaration of `operator delete`. |
| test.cpp:171:6:171:22 | declaration of operator delete[] | User-provided declaration of `operator delete[]`. |
| test.cpp:174:6:174:20 | definition of operator delete | User-provided declaration of `operator delete`. |
| test.cpp:206:12:206:26 | call to operator new | Call to banned function `operator new` which is a non-replaceable allocation function. |
| test.cpp:207:12:208:10 | call to operator new | Call to banned function `operator new` which is a non-replaceable allocation function. |
| test.cpp:212:7:212:31 | call to operator new[] | Call to banned function `operator new[]` which is a non-replaceable allocation function. |
| test.cpp:215:12:215:23 | call to operator new | Call to banned function `operator new` which is a non-replaceable allocation function. |
| test.cpp:222:12:222:22 | call to operator new | Call to banned function `operator new` which is a non-replaceable allocation function. |
| test.cpp:224:7:224:22 | call to operator new | Call to banned function `operator new` which is a non-replaceable allocation function. |
| test.cpp:246:7:246:21 | operator new | Taking the address of a banned function `operator new` which is a non-replaceable allocation function. |
| test.cpp:248:7:248:20 | operator new | Taking the address of a banned function `operator new` which is a non-replaceable allocation function. |
| test.cpp:250:7:250:23 | operator new[] | Taking the address of a banned function `operator new[]` which is a non-replaceable allocation function. |
| test.cpp:252:7:252:22 | operator new[] | Taking the address of a banned function `operator new[]` which is a non-replaceable allocation function. |
| test.cpp:279:7:279:24 | operator delete | Taking the address of a banned function `operator delete` which is a non-replaceable deallocation function. |
| test.cpp:281:7:281:23 | operator delete | Taking the address of a banned function `operator delete` which is a non-replaceable deallocation function. |
| test.cpp:283:7:283:26 | operator delete[] | Taking the address of a banned function `operator delete[]` which is a non-replaceable deallocation function. |
| test.cpp:285:7:285:25 | operator delete[] | Taking the address of a banned function `operator delete[]` which is a non-replaceable deallocation function. |
| test.cpp:308:7:308:23 | operator new | Taking the address of a banned function `operator new` which is a non-replaceable allocation function. |
| test.cpp:311:7:311:23 | operator new | Taking the address of a banned function `operator new` which is a non-replaceable allocation function. |
| test.cpp:331:7:331:26 | operator delete | Taking the address of a banned function `operator delete` which is a non-replaceable deallocation function. |
| test.cpp:334:7:334:28 | operator delete[] | Taking the address of a banned function `operator delete[]` which is a non-replaceable deallocation function. |
| test.cpp:337:7:337:26 | operator delete | Taking the address of a banned function `operator delete` which is a non-replaceable deallocation function. |
| test.cpp:351:3:351:38 | call to uninitialized_default_construct | Call to banned function `uninitialized_default_construct` which is a function from <memory> that manages uninitialized memory. |
| test.cpp:352:3:352:40 | call to uninitialized_default_construct_n | Call to banned function `uninitialized_default_construct_n` which is a function from <memory> that manages uninitialized memory. |
| test.cpp:365:3:365:36 | call to uninitialized_value_construct | Call to banned function `uninitialized_value_construct` which is a function from <memory> that manages uninitialized memory. |
| test.cpp:366:3:366:38 | call to uninitialized_value_construct_n | Call to banned function `uninitialized_value_construct_n` which is a function from <memory> that manages uninitialized memory. |
| test.cpp:378:3:378:25 | call to uninitialized_copy | Call to banned function `uninitialized_copy` which is a function from <memory> that manages uninitialized memory. |
| test.cpp:379:3:379:27 | call to uninitialized_copy_n | Call to banned function `uninitialized_copy_n` which is a function from <memory> that manages uninitialized memory. |
| test.cpp:391:3:391:25 | call to uninitialized_move | Call to banned function `uninitialized_move` which is a function from <memory> that manages uninitialized memory. |
| test.cpp:392:3:392:27 | call to uninitialized_move_n | Call to banned function `uninitialized_move_n` which is a function from <memory> that manages uninitialized memory. |
| test.cpp:405:3:405:25 | call to uninitialized_fill | Call to banned function `uninitialized_fill` which is a function from <memory> that manages uninitialized memory. |
| test.cpp:406:3:406:27 | call to uninitialized_fill_n | Call to banned function `uninitialized_fill_n` which is a function from <memory> that manages uninitialized memory. |
| test.cpp:418:3:418:38 | call to uninitialized_default_construct | Call to banned function `uninitialized_default_construct` which is a function from <memory> that manages uninitialized memory. |
| test.cpp:420:3:420:14 | call to destroy | Call to banned function `destroy` which is a function from <memory> that manages uninitialized memory. |
| test.cpp:421:3:421:16 | call to destroy_n | Call to banned function `destroy_n` which is a function from <memory> that manages uninitialized memory. |
| test.cpp:422:3:422:17 | call to destroy_at | Call to banned function `destroy_at` which is a function from <memory> that manages uninitialized memory. |
| test.cpp:430:12:430:26 | call to operator new | Call to banned function `operator new` which is a non-replaceable allocation function. |
| test.cpp:431:3:431:11 | (vacuous destructor call) | Manual call to a destructor. |
| test.cpp:432:12:432:26 | call to operator new | Call to banned function `operator new` which is a non-replaceable allocation function. |
| test.cpp:434:12:434:23 | call to launder | Call to banned function `launder` which is a function from <memory> that manages uninitialized memory. |
| test.cpp:444:3:444:10 | (vacuous destructor call) | Manual call to a destructor. |
| test.cpp:454:3:454:11 | (vacuous destructor call) | Manual call to a destructor. |
| test.cpp:465:5:465:16 | (vacuous destructor call) | Manual call to a destructor. |
