| test.c:9:7:9:14 | (int)... | Expression not converted to `unsigned char` before converting to a larger integer type. |
| test.c:30:11:30:12 | (int)... | Expression not converted to `unsigned char` before converting to a larger integer type. |
| test.c:31:3:31:13 | (unsigned int)... | Expression not converted to `unsigned char` before converting to a larger integer type. |
| test.c:31:11:31:12 | (int)... | Expression not converted to `unsigned char` before converting to a larger integer type. |
| test.c:33:11:33:12 | (int)... | Expression not converted to `unsigned char` before converting to a larger integer type. |
| test.c:34:11:34:12 | (int)... | Expression not converted to `unsigned char` before converting to a larger integer type. |
| test.c:35:3:35:13 | (unsigned int)... | Expression not converted to `unsigned char` before converting to a larger integer type. |
| test.c:35:11:35:12 | (int)... | Expression not converted to `unsigned char` before converting to a larger integer type. |
| test.c:36:3:36:13 | (unsigned int)... | Expression not converted to `unsigned char` before converting to a larger integer type. |
| test.c:36:11:36:12 | (int)... | Expression not converted to `unsigned char` before converting to a larger integer type. |
| test.c:37:3:37:13 | (unsigned int)... | Expression not converted to `unsigned char` before converting to a larger integer type. |
| test.c:37:11:37:12 | (int)... | Expression not converted to `unsigned char` before converting to a larger integer type. |
| test.c:38:3:38:13 | (unsigned int)... | Expression not converted to `unsigned char` before converting to a larger integer type. |
| test.c:38:11:38:12 | (int)... | Expression not converted to `unsigned char` before converting to a larger integer type. |
| test.c:39:11:39:12 | (int)... | Expression not converted to `unsigned char` before converting to a larger integer type. |
| test.c:40:11:40:12 | (int)... | Expression not converted to `unsigned char` before converting to a larger integer type. |
| test.c:41:3:41:13 | (unsigned int)... | Expression not converted to `unsigned char` before converting to a larger integer type. |
| test.c:41:11:41:12 | (int)... | Expression not converted to `unsigned char` before converting to a larger integer type. |
| test.c:42:12:42:13 | (int)... | Expression not converted to `unsigned char` before converting to a larger integer type. |
| test.c:44:11:44:12 | (int)... | Expression not converted to `unsigned char` before converting to a larger integer type. |
| test.c:45:11:45:12 | (int)... | Expression not converted to `unsigned char` before converting to a larger integer type. |
