| test.cpp:23:3:25:3 | for(...;...;...) ... | The $@ is not of an integer type. | test.cpp:23:14:23:14 | i | counter variable | test.cpp:23:14:23:14 | i | N/A |
| test.cpp:32:3:34:3 | for(...;...;...) ... | The $@ does not determine termination based only on a comparison against the value of the counter variable. | test.cpp:32:19:32:25 | ... == ... | loop condition | test.cpp:32:19:32:25 | ... == ... | N/A |
| test.cpp:36:3:38:3 | for(...;...;...) ... | The $@ does not determine termination based only on a comparison against the value of the counter variable. | test.cpp:36:19:36:24 | ... < ... | loop condition | test.cpp:36:19:36:24 | ... < ... | N/A |
| test.cpp:77:3:79:3 | for(...;...;...) ... | The $@ is not updated with an $@ other than addition or subtraction. | test.cpp:77:12:77:12 | i | counter variable | test.cpp:78:8:78:13 | ... *= ... | expression |
| test.cpp:91:3:94:3 | for(...;...;...) ... | The $@ has a smaller type than that of the $@. | test.cpp:91:21:91:21 | i | counter variable | test.cpp:91:25:91:53 | call to max | loop bound |
| test.cpp:116:3:119:3 | for(...;...;...) ... | The $@ is a non-const expression, or a variable that may be $@ in the loop. | test.cpp:117:13:117:13 | j | loop step | test.cpp:118:5:118:7 | ... ++ | mutated |
| test.cpp:121:3:123:3 | for(...;...;...) ... | The $@ is a non-const expression, or a variable that may be $@ in the loop. | test.cpp:122:13:122:13 | j | loop step | test.cpp:122:8:122:18 | ... , ... | mutated |
| test.cpp:121:3:123:3 | for(...;...;...) ... | The $@ is a non-const expression, or a variable that may be $@ in the loop. | test.cpp:122:13:122:13 | j | loop step | test.cpp:122:16:122:18 | ... ++ | mutated |
| test.cpp:121:3:123:3 | for(...;...;...) ... | The $@ is not updated with an $@ other than addition or subtraction. | test.cpp:121:12:121:12 | i | counter variable | test.cpp:122:8:122:18 | ... , ... | expression |
| test.cpp:133:3:136:3 | for(...;...;...) ... | The $@ is a non-const expression, or a variable that may be $@ in the loop. | test.cpp:133:23:133:23 | j | loop bound | test.cpp:135:5:135:7 | ... ++ | mutated |
| test.cpp:140:3:143:3 | for(...;...;...) ... | The $@ is a non-const expression, or a variable that may be $@ in the loop. | test.cpp:140:23:140:23 | k | loop bound | test.cpp:142:5:142:26 | ... += ... | mutated |
| test.cpp:145:3:148:3 | for(...;...;...) ... | The $@ is a non-const expression, or a variable that may be $@ in the loop. | test.cpp:146:13:146:13 | l | loop step | test.cpp:147:5:147:26 | ... += ... | mutated |
| test.cpp:150:3:152:3 | for(...;...;...) ... | The $@ is a $@. | test.cpp:150:23:150:24 | call to h1 | loop bound | test.cpp:150:23:150:24 | call to h1 | non-const expression |
| test.cpp:158:3:160:3 | for(...;...;...) ... | The $@ is a $@. | test.cpp:159:13:159:14 | call to h1 | loop step | test.cpp:159:13:159:14 | call to h1 | non-const expression |
| test.cpp:173:3:176:3 | for(...;...;...) ... | The $@ is taken as a mutable reference or its address to a mutable pointer. | test.cpp:173:19:173:19 | i | loop counter | test.cpp:173:19:173:19 | i | N/A |
| test.cpp:178:3:181:3 | for(...;...;...) ... | The $@ is taken as a mutable reference or its address to a mutable pointer. | test.cpp:178:19:178:19 | i | loop counter | test.cpp:178:19:178:19 | i | N/A |
| test.cpp:193:3:196:3 | for(...;...;...) ... | The $@ is taken as a mutable reference or its address to a mutable pointer. | test.cpp:193:23:193:23 | k | loop bound | test.cpp:193:23:193:23 | k | N/A |
| test.cpp:198:3:201:3 | for(...;...;...) ... | The $@ is taken as a mutable reference or its address to a mutable pointer. | test.cpp:198:23:198:23 | k | loop bound | test.cpp:198:23:198:23 | k | N/A |
| test.cpp:213:3:216:3 | for(...;...;...) ... | The $@ is taken as a mutable reference or its address to a mutable pointer. | test.cpp:213:31:213:31 | l | loop step | test.cpp:213:31:213:31 | l | N/A |
| test.cpp:218:3:221:3 | for(...;...;...) ... | The $@ is taken as a mutable reference or its address to a mutable pointer. | test.cpp:218:31:218:31 | l | loop step | test.cpp:218:31:218:31 | l | N/A |
| test.cpp:233:3:236:3 | for(...;...;...) ... | The $@ is taken as a mutable reference or its address to a mutable pointer. | test.cpp:233:19:233:19 | i | loop counter | test.cpp:233:19:233:19 | i | N/A |
| test.cpp:233:3:236:3 | for(...;...;...) ... | The $@ may be mutated in a location other than its update expression. | test.cpp:233:12:233:12 | i | counter variable | test.cpp:233:12:233:12 | i | N/A |
| test.cpp:238:3:241:3 | for(...;...;...) ... | The $@ is taken as a mutable reference or its address to a mutable pointer. | test.cpp:238:19:238:19 | i | loop counter | test.cpp:238:19:238:19 | i | N/A |
| test.cpp:238:3:241:3 | for(...;...;...) ... | The $@ may be mutated in a location other than its update expression. | test.cpp:238:12:238:12 | i | counter variable | test.cpp:238:12:238:12 | i | N/A |
| test.cpp:253:3:256:3 | for(...;...;...) ... | The $@ is a non-const expression, or a variable that may be $@ in the loop. | test.cpp:253:23:253:23 | k | loop bound | test.cpp:255:5:255:6 | call to f1 | mutated |
| test.cpp:253:3:256:3 | for(...;...;...) ... | The $@ is taken as a mutable reference or its address to a mutable pointer. | test.cpp:253:23:253:23 | k | loop bound | test.cpp:253:23:253:23 | k | N/A |
| test.cpp:258:3:261:3 | for(...;...;...) ... | The $@ is a non-const expression, or a variable that may be $@ in the loop. | test.cpp:258:23:258:23 | k | loop bound | test.cpp:260:5:260:6 | call to g1 | mutated |
| test.cpp:258:3:261:3 | for(...;...;...) ... | The $@ is taken as a mutable reference or its address to a mutable pointer. | test.cpp:258:23:258:23 | k | loop bound | test.cpp:258:23:258:23 | k | N/A |
| test.cpp:274:3:277:3 | for(...;...;...) ... | The $@ is a non-const expression, or a variable that may be $@ in the loop. | test.cpp:274:31:274:31 | l | loop step | test.cpp:276:5:276:6 | call to f1 | mutated |
| test.cpp:274:3:277:3 | for(...;...;...) ... | The $@ is taken as a mutable reference or its address to a mutable pointer. | test.cpp:274:31:274:31 | l | loop step | test.cpp:274:31:274:31 | l | N/A |
| test.cpp:279:3:282:3 | for(...;...;...) ... | The $@ is a non-const expression, or a variable that may be $@ in the loop. | test.cpp:279:31:279:31 | l | loop step | test.cpp:281:5:281:6 | call to g1 | mutated |
| test.cpp:279:3:282:3 | for(...;...;...) ... | The $@ is taken as a mutable reference or its address to a mutable pointer. | test.cpp:279:31:279:31 | l | loop step | test.cpp:279:31:279:31 | l | N/A |
