| test.c:1:1:1:17 | #define _NOT_OKAY | Macro '_NOT_OKAY' declares a reserved name beginning _ followed by an uppercase letter. |
| test.c:2:1:2:16 | #undef _NOT_OKAY | Undef '_NOT_OKAY' declares a reserved name beginning _ followed by an uppercase letter. |
| test.c:5:1:5:13 | #define errno | Macro 'errno' declares a name reserved for a macro from the C11 standard library header 'errno.h'. |
