| test.c:19:14:19:19 | tmpvar | This pointer was returned by a $@ and may have been overwritten by the susequent $@. | test.c:11:12:11:17 | call to getenv | call to getenv | test.c:15:13:15:18 | call to getenv | call to getenv |
| test.c:132:14:132:17 | temp | This pointer was returned by a $@ and may have been overwritten by the susequent $@. | test.c:128:12:128:17 | call to getenv | call to getenv | test.c:129:11:129:16 | call to getenv | call to getenv |
| test.c:132:20:132:22 | tmp | This pointer was returned by a $@ and may have been overwritten by the susequent $@. | test.c:129:11:129:16 | call to getenv | call to getenv | test.c:128:12:128:17 | call to getenv | call to getenv |
| test.c:163:14:163:26 | tmpvar_global | This pointer was returned by a $@ and may have been overwritten by the susequent $@. | test.c:155:19:155:24 | call to getenv | call to getenv | test.c:159:20:159:25 | call to getenv | call to getenv |
| test.c:186:18:186:18 | r | This pointer was returned by a $@ and may have been overwritten by the susequent $@. | test.c:183:7:183:15 | call to setlocale | call to setlocale | test.c:185:8:185:17 | call to localeconv | call to localeconv |
| test.c:206:10:206:15 | tmpvar | This pointer was returned by a $@ and may have been overwritten by the susequent $@. | test.c:200:12:200:17 | call to getenv | call to getenv | test.c:204:3:204:8 | call to f11fun | call to f11fun |
