| test.c:5:3:5:9 | __DBLCX(x) | Call to banned macro __DBLCX. |
| test.c:5:3:5:9 | __FLT(x) | Call to banned macro __FLT. |
| test.c:5:3:5:9 | __FLTCX(x) | Call to banned macro __FLTCX. |
| test.c:5:3:5:9 | __IS_CX(x) | Call to banned macro __IS_CX. |
| test.c:5:3:5:9 | __IS_CX(x) | Call to banned macro __IS_CX. |
| test.c:5:3:5:9 | __IS_CX(x) | Call to banned macro __IS_CX. |
| test.c:5:3:5:9 | __IS_FP(x) | Call to banned macro __IS_FP. |
| test.c:5:3:5:9 | __IS_FP(x) | Call to banned macro __IS_FP. |
| test.c:5:3:5:9 | __IS_FP(x) | Call to banned macro __IS_FP. |
| test.c:5:3:5:9 | __IS_FP(x) | Call to banned macro __IS_FP. |
| test.c:5:3:5:9 | __IS_FP(x) | Call to banned macro __IS_FP. |
| test.c:5:3:5:9 | __IS_REAL(x) | Call to banned macro __IS_REAL. |
| test.c:5:3:5:9 | __IS_REAL(x) | Call to banned macro __IS_REAL. |
| test.c:5:3:5:9 | __LDBL(x) | Call to banned macro __LDBL. |
| test.c:5:3:5:9 | __LDBLCX(x) | Call to banned macro __LDBLCX. |
| test.c:5:3:5:9 | __RETCAST(x) | Call to banned macro __RETCAST. |
| test.c:5:3:5:9 | __tg_real_complex(fun,x) | Call to banned macro __tg_real_complex. |
| test.c:5:3:5:9 | sqrt(x) | Call to banned macro sqrt. |
| test.c:7:3:7:8 | __DBLCX(x) | Call to banned macro __DBLCX. |
| test.c:7:3:7:8 | __FLT(x) | Call to banned macro __FLT. |
| test.c:7:3:7:8 | __FLTCX(x) | Call to banned macro __FLTCX. |
| test.c:7:3:7:8 | __IS_CX(x) | Call to banned macro __IS_CX. |
| test.c:7:3:7:8 | __IS_CX(x) | Call to banned macro __IS_CX. |
| test.c:7:3:7:8 | __IS_CX(x) | Call to banned macro __IS_CX. |
| test.c:7:3:7:8 | __IS_FP(x) | Call to banned macro __IS_FP. |
| test.c:7:3:7:8 | __IS_FP(x) | Call to banned macro __IS_FP. |
| test.c:7:3:7:8 | __IS_FP(x) | Call to banned macro __IS_FP. |
| test.c:7:3:7:8 | __IS_FP(x) | Call to banned macro __IS_FP. |
| test.c:7:3:7:8 | __IS_FP(x) | Call to banned macro __IS_FP. |
| test.c:7:3:7:8 | __IS_REAL(x) | Call to banned macro __IS_REAL. |
| test.c:7:3:7:8 | __IS_REAL(x) | Call to banned macro __IS_REAL. |
| test.c:7:3:7:8 | __LDBL(x) | Call to banned macro __LDBL. |
| test.c:7:3:7:8 | __LDBLCX(x) | Call to banned macro __LDBLCX. |
| test.c:7:3:7:8 | __RETCAST(x) | Call to banned macro __RETCAST. |
| test.c:7:3:7:8 | __tg_real_complex(fun,x) | Call to banned macro __tg_real_complex. |
| test.c:7:3:7:8 | sin(x) | Call to banned macro sin. |
| test.c:10:21:10:28 | __DBLCX(x) | Call to banned macro __DBLCX. |
| test.c:10:21:10:28 | __FLT(x) | Call to banned macro __FLT. |
| test.c:10:21:10:28 | __FLTCX(x) | Call to banned macro __FLTCX. |
| test.c:10:21:10:28 | __IS_CX(x) | Call to banned macro __IS_CX. |
| test.c:10:21:10:28 | __IS_CX(x) | Call to banned macro __IS_CX. |
| test.c:10:21:10:28 | __IS_CX(x) | Call to banned macro __IS_CX. |
| test.c:10:21:10:28 | __IS_FP(x) | Call to banned macro __IS_FP. |
| test.c:10:21:10:28 | __IS_FP(x) | Call to banned macro __IS_FP. |
| test.c:10:21:10:28 | __IS_FP(x) | Call to banned macro __IS_FP. |
| test.c:10:21:10:28 | __IS_FP(x) | Call to banned macro __IS_FP. |
| test.c:10:21:10:28 | __IS_FP(x) | Call to banned macro __IS_FP. |
| test.c:10:21:10:28 | __IS_REAL(x) | Call to banned macro __IS_REAL. |
| test.c:10:21:10:28 | __IS_REAL(x) | Call to banned macro __IS_REAL. |
| test.c:10:21:10:28 | __LDBL(x) | Call to banned macro __LDBL. |
| test.c:10:21:10:28 | __LDBLCX(x) | Call to banned macro __LDBLCX. |
| test.c:10:21:10:28 | __RETCAST(x) | Call to banned macro __RETCAST. |
| test.c:10:21:10:28 | __tg_real_complex(fun,x) | Call to banned macro __tg_real_complex. |
| test.c:10:21:10:28 | sqrt(x) | Call to banned macro sqrt. |
| test.c:11:3:11:10 | __FLTCX(x) | Call to banned macro __FLTCX. |
| test.c:11:3:11:10 | __IS_CX(x) | Call to banned macro __IS_CX. |
| test.c:11:3:11:10 | __IS_CX(x) | Call to banned macro __IS_CX. |
| test.c:11:3:11:10 | __IS_FP(x) | Call to banned macro __IS_FP. |
| test.c:11:3:11:10 | __IS_FP(x) | Call to banned macro __IS_FP. |
| test.c:11:3:11:10 | __IS_FP(x) | Call to banned macro __IS_FP. |
| test.c:11:3:11:10 | __LDBLCX(x) | Call to banned macro __LDBLCX. |
| test.c:11:3:11:10 | __RETCAST_REAL(x) | Call to banned macro __RETCAST_REAL. |
| test.c:11:3:11:10 | __tg_complex_retreal(fun,x) | Call to banned macro __tg_complex_retreal. |
| test.c:11:3:11:10 | creal(x) | Call to banned macro creal. |
| test.c:12:3:12:10 | __FLTCX(x) | Call to banned macro __FLTCX. |
| test.c:12:3:12:10 | __IS_CX(x) | Call to banned macro __IS_CX. |
| test.c:12:3:12:10 | __IS_CX(x) | Call to banned macro __IS_CX. |
| test.c:12:3:12:10 | __IS_FP(x) | Call to banned macro __IS_FP. |
| test.c:12:3:12:10 | __IS_FP(x) | Call to banned macro __IS_FP. |
| test.c:12:3:12:10 | __IS_FP(x) | Call to banned macro __IS_FP. |
| test.c:12:3:12:10 | __LDBLCX(x) | Call to banned macro __LDBLCX. |
| test.c:12:3:12:10 | __RETCAST_REAL(x) | Call to banned macro __RETCAST_REAL. |
| test.c:12:3:12:10 | __tg_complex_retreal(fun,x) | Call to banned macro __tg_complex_retreal. |
| test.c:12:3:12:10 | cimag(x) | Call to banned macro cimag. |
