| test.c:8:3:8:11 | ... + ... | Buffer accesses offset 404 which is greater than the fixed size 400 of the $@. | test.c:8:3:8:5 | arr | buffer |
| test.c:16:3:16:13 | ... + ... | Buffer access may be to a negative index in the buffer. | test.c:16:3:16:5 | arr | buffer |
| test.c:21:5:21:15 | ... + ... | Buffer access may be to a negative index in the buffer. | test.c:21:5:21:7 | arr | buffer |
