| test.c:3:10:3:11 | 0 | Lowercase 'l' used as a literal suffix. |
| test.c:4:10:4:12 | 0 | Lowercase 'l' used as a literal suffix. |
| test.c:7:10:7:12 | 0 | Lowercase 'l' used as a literal suffix. |
| test.c:8:10:8:12 | 0 | Lowercase 'l' used as a literal suffix. |
| test.c:13:11:13:12 | 0 | Lowercase 'l' used as a literal suffix. |
| test.c:14:11:14:13 | 0 | Lowercase 'l' used as a literal suffix. |
| test.c:17:11:17:13 | 0 | Lowercase 'l' used as a literal suffix. |
| test.c:18:11:18:13 | 0 | Lowercase 'l' used as a literal suffix. |
| test.c:23:10:23:14 | 1 | Lowercase 'l' used as a literal suffix. |
| test.c:24:10:24:15 | 1 | Lowercase 'l' used as a literal suffix. |
| test.c:27:10:27:15 | 1 | Lowercase 'l' used as a literal suffix. |
| test.c:28:10:28:15 | 1 | Lowercase 'l' used as a literal suffix. |
| test.c:33:11:33:14 | 1 | Lowercase 'l' used as a literal suffix. |
| test.c:34:11:34:15 | 1 | Lowercase 'l' used as a literal suffix. |
| test.c:37:11:37:15 | 1 | Lowercase 'l' used as a literal suffix. |
| test.c:38:11:38:15 | 1 | Lowercase 'l' used as a literal suffix. |
