| test.cpp:15:8:15:22 | definition of StructRedefined | Type 'StructRedefined' is defined in files $@ and $@. | test.cpp:15:8:15:22 | definition of StructRedefined | test.cpp | test2.cpp:16:8:16:22 | definition of StructRedefined | test2.cpp |
| test.cpp:22:29:22:40 | definition of TplRedefined<T> | Type 'TplRedefined<T>' is defined in files $@ and $@. | test.cpp:22:29:22:40 | definition of TplRedefined<T> | test.cpp | test2.cpp:22:29:22:40 | definition of TplRedefined<T> | test2.cpp |
| test.cpp:26:6:26:18 | definition of DuplicateEnum | Type 'DuplicateEnum' is defined in files $@ and $@. | test.cpp:26:6:26:18 | definition of DuplicateEnum | test.cpp | test2.cpp:25:6:25:18 | definition of DuplicateEnum | test2.cpp |
| test.cpp:27:12:27:29 | definition of DuplicateEnumClass | Type 'DuplicateEnumClass' is defined in files $@ and $@. | test.cpp:27:12:27:29 | definition of DuplicateEnumClass | test.cpp | test2.cpp:26:12:26:29 | definition of DuplicateEnumClass | test2.cpp |
| test.cpp:29:17:29:32 | declaration of DuplicateTypedef | Type 'DuplicateTypedef' is defined in files $@ and $@. | test.cpp:29:17:29:32 | declaration of DuplicateTypedef | test.cpp | test2.cpp:28:17:28:32 | declaration of DuplicateTypedef | test2.cpp |
| test.cpp:30:7:30:20 | declaration of DuplicateUsing | Type 'DuplicateUsing' is defined in files $@ and $@. | test.cpp:30:7:30:20 | declaration of DuplicateUsing | test.cpp | test2.cpp:29:7:29:20 | declaration of DuplicateUsing | test2.cpp |
| test.cpp:31:7:31:20 | definition of DuplicateUnion | Type 'DuplicateUnion' is defined in files $@ and $@. | test.cpp:31:7:31:20 | definition of DuplicateUnion | test.cpp | test2.cpp:30:7:30:20 | definition of DuplicateUnion | test2.cpp |
| test.cpp:36:7:36:11 | definition of Outer | Type 'ns1::Outer' is defined in files $@ and $@. | test.cpp:36:7:36:11 | definition of Outer | test.cpp | test2.cpp:35:7:35:11 | definition of Outer | test2.cpp |
| test.cpp:37:9:37:13 | definition of Inner | Type 'ns1::Outer::Inner' is defined in files $@ and $@. | test.cpp:37:9:37:13 | definition of Inner | test.cpp | test2.cpp:36:9:36:13 | definition of Inner | test2.cpp |
