| test1a.cpp:6:12:6:13 | g3 | Identifier name of non-member object $@ reuses the identifier name of non-member object $@. | test1a.cpp:6:12:6:13 | g3 | g3 | test1b.cpp:7:12:7:13 | g3 | g3 |
| test1a.cpp:21:42:21:42 | number_two | Identifier name of non-member object $@ reuses the identifier name of non-member object $@. | test1a.cpp:21:42:21:42 | number_two | number_two | test1b.cpp:12:42:12:42 | number_two | number_two |
| test1b.cpp:7:12:7:13 | g3 | Identifier name of non-member object $@ reuses the identifier name of non-member object $@. | test1b.cpp:7:12:7:13 | g3 | g3 | test1a.cpp:6:12:6:13 | g3 | g3 |
| test1b.cpp:12:42:12:42 | number_two | Identifier name of non-member object $@ reuses the identifier name of non-member object $@. | test1b.cpp:12:42:12:42 | number_two | number_two | test1a.cpp:21:42:21:42 | number_two | number_two |
