| test.c:59:3:59:6 | call to copy | Call to 'copy' passes an aliased pointer to a restrict-qualified parameter. |
| test.c:64:3:64:6 | call to copy | Call to 'copy' passes an aliased pointer to a restrict-qualified parameter. |
| test.c:70:3:70:8 | call to strcpy | Call to 'strcpy' passes an aliased pointer to a restrict-qualified parameter. |
| test.c:77:3:77:8 | call to memcpy | Call to 'memcpy' passes an aliased pointer to a restrict-qualified parameter. |
| test.c:90:3:90:7 | call to scanf | Call to 'scanf' passes an aliased pointer to a restrict-qualified parameter. |
