| test.cpp:22:3:22:4 | l1 | Usual arithmetic conversion from 'uint8_t' to 'int' changes signedness. |
| test.cpp:22:8:22:9 | l2 | Usual arithmetic conversion from 'uint8_t' to 'int' changes signedness. |
| test.cpp:23:3:23:4 | l1 | Usual arithmetic conversion from 'uint8_t' to 'int' changes signedness. |
| test.cpp:23:7:23:8 | l2 | Usual arithmetic conversion from 'uint8_t' to 'int' changes signedness. |
| test.cpp:24:3:24:4 | l1 | Usual arithmetic conversion from 'uint8_t' to 'int' changes signedness. |
| test.cpp:24:8:24:9 | l2 | Usual arithmetic conversion from 'uint8_t' to 'int' changes signedness. |
| test.cpp:25:3:25:4 | l1 | Usual arithmetic conversion from 'uint8_t' to 'int' changes signedness. |
| test.cpp:25:8:25:9 | l2 | Usual arithmetic conversion from 'uint8_t' to 'int' changes signedness. |
| test.cpp:26:3:26:4 | l1 | Usual arithmetic conversion from 'uint8_t' to 'int' changes signedness. |
| test.cpp:26:8:26:9 | l2 | Usual arithmetic conversion from 'uint8_t' to 'int' changes signedness. |
| test.cpp:27:3:27:4 | l1 | Usual arithmetic conversion from 'uint8_t' to 'int' changes signedness. |
| test.cpp:27:8:27:9 | l2 | Usual arithmetic conversion from 'uint8_t' to 'int' changes signedness. |
| test.cpp:28:3:28:4 | l1 | Usual arithmetic conversion from 'uint8_t' to 'int' changes signedness. |
| test.cpp:28:8:28:9 | l2 | Usual arithmetic conversion from 'uint8_t' to 'int' changes signedness. |
| test.cpp:29:3:29:4 | l1 | Usual arithmetic conversion from 'uint8_t' to 'int' changes signedness. |
| test.cpp:29:8:29:9 | l2 | Usual arithmetic conversion from 'uint8_t' to 'int' changes signedness. |
| test.cpp:43:9:43:10 | l2 | Usual arithmetic conversion from 'uint8_t' to 'int' changes signedness. |
| test.cpp:44:9:44:10 | l2 | Usual arithmetic conversion from 'uint8_t' to 'int' changes signedness. |
| test.cpp:45:9:45:10 | l2 | Usual arithmetic conversion from 'uint8_t' to 'int' changes signedness. |
| test.cpp:46:9:46:10 | l2 | Usual arithmetic conversion from 'uint8_t' to 'int' changes signedness. |
| test.cpp:47:9:47:10 | l2 | Usual arithmetic conversion from 'uint8_t' to 'int' changes signedness. |
| test.cpp:48:9:48:10 | l2 | Usual arithmetic conversion from 'uint8_t' to 'int' changes signedness. |
| test.cpp:49:9:49:10 | l2 | Usual arithmetic conversion from 'uint8_t' to 'int' changes signedness. |
| test.cpp:50:9:50:10 | l2 | Usual arithmetic conversion from 'uint8_t' to 'int' changes signedness. |
| test.cpp:62:3:62:4 | l1 | Usual arithmetic conversion from 'int32_t' to 'unsigned int' changes signedness. |
| test.cpp:63:3:63:4 | l1 | Usual arithmetic conversion from 'int32_t' to 'unsigned int' changes signedness. |
| test.cpp:64:3:64:4 | l1 | Usual arithmetic conversion from 'int32_t' to 'unsigned int' changes signedness. |
| test.cpp:65:3:65:4 | l1 | Usual arithmetic conversion from 'int32_t' to 'unsigned int' changes signedness. |
| test.cpp:66:3:66:4 | l1 | Usual arithmetic conversion from 'int32_t' to 'unsigned int' changes signedness. |
| test.cpp:67:3:67:4 | l1 | Usual arithmetic conversion from 'int32_t' to 'unsigned int' changes signedness. |
| test.cpp:69:3:69:4 | l3 | Usual arithmetic conversion from 'uint8_t' to 'int' changes signedness. |
| test.cpp:69:8:69:9 | l4 | Usual arithmetic conversion from 'uint16_t' to 'int' changes signedness. |
| test.cpp:70:3:70:4 | l3 | Usual arithmetic conversion from 'uint8_t' to 'int' changes signedness. |
| test.cpp:70:8:70:9 | l4 | Usual arithmetic conversion from 'uint16_t' to 'int' changes signedness. |
| test.cpp:80:8:80:9 | l2 | Integer promotion from 'uint8_t' to 'int' changes signedness. |
| test.cpp:80:13:80:14 | l4 | Integer promotion from 'uint16_t' to 'int' changes signedness. |
| test.cpp:87:3:87:4 | l1 | Integer promotion from 'uint8_t' to 'int' changes signedness. |
| test.cpp:88:3:88:4 | l1 | Integer promotion from 'uint8_t' to 'int' changes signedness. |
| test.cpp:98:4:98:5 | l1 | Integer promotion from 'uint8_t' to 'int' changes signedness. |
| test.cpp:100:4:100:5 | l1 | Integer promotion from 'uint8_t' to 'int' changes signedness. |
| test.cpp:102:4:102:5 | l1 | Integer promotion from 'uint8_t' to 'int' changes signedness. |
| test.cpp:141:9:141:10 | l2 | Usual arithmetic conversion from 'uint32_t' to 'float' changes signedness. |
| test.cpp:141:9:141:10 | l2 | Usual arithmetic conversion from 'uint32_t' to 'float' changes type category. |
| test.cpp:142:9:142:10 | l2 | Usual arithmetic conversion from 'uint32_t' to 'float' changes signedness. |
| test.cpp:142:9:142:10 | l2 | Usual arithmetic conversion from 'uint32_t' to 'float' changes type category. |
| test.cpp:143:9:143:10 | l2 | Usual arithmetic conversion from 'uint32_t' to 'float' changes signedness. |
| test.cpp:143:9:143:10 | l2 | Usual arithmetic conversion from 'uint32_t' to 'float' changes type category. |
