| coding-standards.xml:96:7:99:33 | deviation-permits-entry | deviations/invalid_deviations/coding-standards.xml: Deviation permit does not specify a permit identifier. |
| coding-standards.xml:100:7:103:33 | deviation-permits-entry | deviations/invalid_deviations/coding-standards.xml: Deviation permit specifies unknown property `invalid-property`. |
